Archive member included to satisfy reference by file (symbol)

c:/program files/microchip/xc32/v4.10/bin/bin/../../lib/gcc/pic32c/8.3.1/../../../../pic32c/lib/thumb/v6-m/nofp\libpic32c.a(data_init.o)
                              build/default/production/_ext/1171490990/startup_xc32.o (__pic32c_data_initialization)
c:/program files/microchip/xc32/v4.10/bin/bin/../../lib/gcc/pic32c/8.3.1/../../../../pic32c/lib/thumb/v6-m/nofp\libm-emfloat.a(floatasmops_arm.o)
                              build/default/production/_ext/508257091/plib_sercom2_i2c_master.o (__aeabi_fadd)
c:/program files/microchip/xc32/v4.10/bin/bin/../../lib/gcc/pic32c/8.3.1/../../../../pic32c/lib/thumb/v6-m/nofp\libc-musl.a(__libc_start_main.o)
                              build/default/production/_ext/1171490990/startup_xc32.o (__libc_init_array)
c:/program files/microchip/xc32/v4.10/bin/bin/../../lib/gcc/pic32c/8.3.1/../../../../pic32c/lib/thumb/v6-m/nofp\libc-musl.a(libc.o)
                              c:/program files/microchip/xc32/v4.10/bin/bin/../../lib/gcc/pic32c/8.3.1/../../../../pic32c/lib/thumb/v6-m/nofp\libc-musl.a(__libc_start_main.o) (__progname_full)
c:/program files/microchip/xc32/v4.10/bin/bin/../../lib/gcc/pic32c/8.3.1/../../../../pic32c/lib/thumb/v6-m/nofp\libc-musl.a(stdin.o)
                              build/default/production/_ext/1171490990/initialization.o (_stdin)
c:/program files/microchip/xc32/v4.10/bin/bin/../../lib/gcc/pic32c/8.3.1/../../../../pic32c/lib/thumb/v6-m/nofp\libc-musl.a(stdout.o)
                              build/default/production/_ext/1171490990/initialization.o (_stdout)
c:/program files/microchip/xc32/v4.10/bin/bin/../../lib/gcc/pic32c/8.3.1/../../../../pic32c/lib/thumb/v6-m/nofp\libc-musl.a(printf.o)
                              build/default/production/_ext/1360937237/main.o (printf)
c:/program files/microchip/xc32/v4.10/bin/bin/../../lib/gcc/pic32c/8.3.1/../../../../pic32c/lib/thumb/v6-m/nofp\libc-musl.a(setbuf.o)
                              build/default/production/_ext/1171490990/initialization.o (setbuf)
c:/program files/microchip/xc32/v4.10/bin/bin/../../lib/gcc/pic32c/8.3.1/../../../../pic32c/lib/thumb/v6-m/nofp\libc-musl.a(memcpy.o)
                              build/default/production/_ext/1593096446/plib_nvmctrl.o (memcpy)
c:/program files/microchip/xc32/v4.10/bin/bin/../../lib/gcc/pic32c/8.3.1/../../../../pic32c/lib/thumb/v6-m/nofp\libc-musl.a(strlen.o)
                              build/default/production/_ext/1360937237/NHD-2.23-12832UCxx.o (strlen)
c:/program files/microchip/xc32/v4.10/bin/bin/../../lib/gcc/pic32c/8.3.1/../../../../pic32c/lib/thumb/v6-m/nofp\libc-musl.a(__environ.o)
                              c:/program files/microchip/xc32/v4.10/bin/bin/../../lib/gcc/pic32c/8.3.1/../../../../pic32c/lib/thumb/v6-m/nofp\libc-musl.a(__libc_start_main.o) (__environ)
c:/program files/microchip/xc32/v4.10/bin/bin/../../lib/gcc/pic32c/8.3.1/../../../../pic32c/lib/thumb/v6-m/nofp\libc-musl.a(__io_init_needed.o)
                              c:/program files/microchip/xc32/v4.10/bin/bin/../../lib/gcc/pic32c/8.3.1/../../../../pic32c/lib/thumb/v6-m/nofp\libc-musl.a(stdout.o) (__io_init_needed)
c:/program files/microchip/xc32/v4.10/bin/bin/../../lib/gcc/pic32c/8.3.1/../../../../pic32c/lib/thumb/v6-m/nofp\libc-musl.a(__io_rw_needed.o)
                              c:/program files/microchip/xc32/v4.10/bin/bin/../../lib/gcc/pic32c/8.3.1/../../../../pic32c/lib/thumb/v6-m/nofp\libc-musl.a(stdin.o) (__io_rw_needed)
c:/program files/microchip/xc32/v4.10/bin/bin/../../lib/gcc/pic32c/8.3.1/../../../../pic32c/lib/thumb/v6-m/nofp\libc-musl.a(__stdio_read.o)
                              c:/program files/microchip/xc32/v4.10/bin/bin/../../lib/gcc/pic32c/8.3.1/../../../../pic32c/lib/thumb/v6-m/nofp\libc-musl.a(stdin.o) (__stdio_read)
c:/program files/microchip/xc32/v4.10/bin/bin/../../lib/gcc/pic32c/8.3.1/../../../../pic32c/lib/thumb/v6-m/nofp\libc-musl.a(__towrite_rw.o)
                              c:/program files/microchip/xc32/v4.10/bin/bin/../../lib/gcc/pic32c/8.3.1/../../../../pic32c/lib/thumb/v6-m/nofp\libc-musl.a(__io_rw_needed.o) (__towrite_rw_needed)
c:/program files/microchip/xc32/v4.10/bin/bin/../../lib/gcc/pic32c/8.3.1/../../../../pic32c/lib/thumb/v6-m/nofp\libc-musl.a(setvbuf.o)
                              c:/program files/microchip/xc32/v4.10/bin/bin/../../lib/gcc/pic32c/8.3.1/../../../../pic32c/lib/thumb/v6-m/nofp\libc-musl.a(setbuf.o) (setvbuf)
c:/program files/microchip/xc32/v4.10/bin/bin/../../lib/gcc/pic32c/8.3.1/../../../../pic32c/lib/thumb/v6-m/nofp\libc-musl.a(vfprintf.o)
                              c:/program files/microchip/xc32/v4.10/bin/bin/../../lib/gcc/pic32c/8.3.1/../../../../pic32c/lib/thumb/v6-m/nofp\libc-musl.a(printf.o) (vfprintf)
c:/program files/microchip/xc32/v4.10/bin/bin/../../lib/gcc/pic32c/8.3.1/../../../../pic32c/lib/thumb/v6-m/nofp\libc-musl.a(readv.o)
[...]
Memory Configuration

Name             Origin             Length             Attributes
rom              0x00000000         0x00040000         xrl
ram              0x20000000         0x00008000         xw !r
config_00804000  0x00804000         0x00000004
config_00804004  0x00804004         0x00000004
*default*        0x00000000         0xffffffff

Linker script and memory map

LOAD c:/program files/microchip/xc32/v4.10/bin/bin/../../lib/gcc/pic32c/8.3.1/thumb/v6-m/nofp/crti.o
LOAD c:/program files/microchip/xc32/v4.10/bin/bin/../../lib/gcc/pic32c/8.3.1/thumb/v6-m/nofp/crtbegin.o
LOAD build/default/production/_ext/1984496892/plib_clock.o
LOAD build/default/production/_ext/60167341/plib_eic.o
LOAD build/default/production/_ext/1986646378/plib_evsys.o
LOAD build/default/production/_ext/1865468468/plib_nvic.o
LOAD build/default/production/_ext/1593096446/plib_nvmctrl.o
LOAD build/default/production/_ext/1865521619/plib_port.o
LOAD build/default/production/_ext/508257091/plib_sercom2_i2c_master.o
LOAD build/default/production/_ext/504274921/plib_sercom3_usart.o
LOAD build/default/production/_ext/829342655/plib_tc3.o
LOAD build/default/production/_ext/163028504/xc32_monitor.o
LOAD build/default/production/_ext/1171490990/initialization.o
LOAD build/default/production/_ext/1171490990/interrupts.o
LOAD build/default/production/_ext/1171490990/exceptions.o
LOAD build/default/production/_ext/1171490990/startup_xc32.o
LOAD build/default/production/_ext/1171490990/libc_syscalls.o
LOAD build/default/production/_ext/1360937237/main.o
LOAD build/default/production/_ext/1360937237/NHD-2.23-12832UCxx.o
LOAD build/default/production/_ext/1360937237/fonts.o
                0x00000001                __MPLAB_BUILD = 0x1
                0x00040000                __rom_end = (ORIGIN (rom) + LENGTH (rom))
                0x20008000                __ram_end = (ORIGIN (ram) + LENGTH (ram))

.config_00804000
 *(.config_00804000)

.config_00804004
 *(.config_00804004)

.vectors        0x00000000       0xa4
                0x00000000                . = ALIGN (0x4)
                0x00000000                _sfixed = .
 *(.vectors .vectors.* .vectors_default .vectors_default.*)
 .vectors.exception_table
                0x00000000       0xa4 build/default/production/_ext/1171490990/interrupts.o
                0x00000000                exception_table
 *(.isr_vector)
 *(.reset*)
 *(.after_vectors)

.text           0x000000a4       0x20
                0x000000a4                . = ALIGN (0x4)
 *(.glue_7t)
 .glue_7t       0x000000a4        0x0 linker stubs
 *(.glue_7)
 .glue_7        0x000000a4        0x0 linker stubs
 *(.gnu.linkonce.r.*)
 *(.ARM.extab* .gnu.linkonce.armextab.*)
                0x000000a4                . = ALIGN (0x4)
 *(.init)
 .init          0x000000a4        0x4 c:/program files/microchip/xc32/v4.10/bin/bin/../../lib/gcc/pic32c/8.3.1/thumb/v6-m/nofp/crti.o
                0x000000a4                _init
 .init          0x000000a8        0x8 c:/program files/microchip/xc32/v4.10/bin/bin/../../lib/gcc/pic32c/8.3.1/thumb/v6-m/nofp/crtn.o
                0x000000b0                . = ALIGN (0x4)
                0x000000b0                __preinit_array_start = .
 *(.preinit_array)
                0x000000b0                __preinit_array_end = .
                0x000000b0                . = ALIGN (0x4)
                0x000000b0                __init_array_start = .
 *(SORT_BY_NAME(.init_array.*))
 *(.init_array)
 .init_array    0x000000b0        0x4 c:/program files/microchip/xc32/v4.10/bin/bin/../../lib/gcc/pic32c/8.3.1/thumb/v6-m/nofp/crtbegin.o
                0x000000b4                __init_array_end = .
                0x000000b4                . = ALIGN (0x4)
 *crtbegin.o(.ctors)
 *(EXCLUDE_FILE(*crtend.o) .ctors)
 *(SORT_BY_NAME(.ctors.*))
 *crtend.o(.ctors)
                0x000000b4                . = ALIGN (0x4)
 *(.fini)
 .fini          0x000000b4        0x4 c:/program files/microchip/xc32/v4.10/bin/bin/../../lib/gcc/pic32c/8.3.1/thumb/v6-m/nofp/crti.o
                0x000000b4                _fini
 .fini          0x000000b8        0x8 c:/program files/microchip/xc32/v4.10/bin/bin/../../lib/gcc/pic32c/8.3.1/thumb/v6-m/nofp/crtn.o
                0x000000c0                . = ALIGN (0x4)
                0x000000c0                __fini_array_start = .
 *(.fini_array)
 .fini_array    0x000000c0        0x4 c:/program files/microchip/xc32/v4.10/bin/bin/../../lib/gcc/pic32c/8.3.1/thumb/v6-m/nofp/crtbegin.o
 *(SORT_BY_NAME(.fini_array.*))
                0x000000c4                __fini_array_end = .
 *crtbegin.o(.dtors)
 *(EXCLUDE_FILE(*crtend.o) .dtors)
 *(SORT_BY_NAME(.dtors.*))
 *crtend.o(.dtors)
                0x000000c4                . = ALIGN (0x4)
                0x000000c4                _efixed = .
                [!provide]                PROVIDE (__exidx_start = .)

.ARM.exidx      0x000000c4        0x8
 *(.ARM.exidx* .gnu.linkonce.armexidx.*)
 .ARM.exidx     0x000000c4        0x8 c:/program files/microchip/xc32/v4.10/bin/bin/../../lib/gcc/pic32c/8.3.1/thumb/v6-m/nofp\libgcc.a(_udivmoddi4.o)
                [!provide]                PROVIDE (__exidx_end = .)
                0x000000cc                . = ALIGN (0x4)
                0x000000cc                _etext = .

.bss            0x20000000        0x0
                0x20000000                . = ALIGN (0x4)
                0x20000000                __bss_start__ = .
                0x20000000                _sbss = .
                0x20000000                _szero = .
 *(COMMON)
                0x20000000                . = ALIGN (0x4)
                0x20000000                __bss_end__ = .
                0x20000000                _ebss = .
                0x20000000                _ezero = .
                0x20000000                . = ALIGN (0x4)
                0x20000000                _end = .
                0x20007fff                _ram_end_ = ((ORIGIN (ram) + LENGTH (ram)) - 0x1)
                0x00000200                _min_heap_size = 0x200
START GROUP
LOAD c:/program files/microchip/xc32/v4.10/bin/bin/../../lib/gcc/pic32c/8.3.1/../../../../pic32c/lib/thumb/v6-m/nofp\libpic32c.a
LOAD c:/program files/microchip/xc32/v4.10/bin/bin/../../lib/gcc/pic32c/8.3.1/../../../../pic32c/lib/thumb/v6-m/nofp\libm-emfloat.a
LOAD c:/program files/microchip/xc32/v4.10/bin/bin/../../lib/gcc/pic32c/8.3.1/../../../../pic32c/lib/thumb/v6-m/nofp\libc-musl.a
LOAD c:/program files/microchip/xc32/v4.10/bin/bin/../../lib/gcc/pic32c/8.3.1/../../../../pic32c/lib/thumb/v6-m/nofp\libm-emfloat.a
LOAD c:/program files/microchip/xc32/v4.10/bin/bin/../../lib/gcc/pic32c/8.3.1/thumb/v6-m/nofp\libgcc.a
END GROUP
LOAD c:/program files/microchip/xc32/v4.10/bin/bin/../../lib/gcc/pic32c/8.3.1/thumb/v6-m/nofp/crtend.o
LOAD c:/program files/microchip/xc32/v4.10/bin/bin/../../lib/gcc/pic32c/8.3.1/thumb/v6-m/nofp/crtn.o
OUTPUT(dist/default/production/NHD2.23.X.production.elf elf32-littlearm)
LOAD stack
LOAD data_init

.ARM.attributes
                0x00000000       0x2a
 .ARM.attributes
                0x00000000       0x1e c:/program files/microchip/xc32/v4.10/bin/bin/../../lib/gcc/pic32c/8.3.1/thumb/v6-m/nofp/crti.o
 .ARM.attributes
                0x0000001e       0x2c c:/program files/microchip/xc32/v4.10/bin/bin/../../lib/gcc/pic32c/8.3.1/thumb/v6-m/nofp/crtbegin.o
 .ARM.attributes
                0x0000004a       0x2c build/default/production/_ext/1984496892/plib_clock.o
 .ARM.attributes
                0x00000076       0x2c build/default/production/_ext/60167341/plib_eic.o
 .ARM.attributes
                0x000000a2       0x2c build/default/production/_ext/1986646378/plib_evsys.o
 .ARM.attributes
                0x000000ce       0x2c build/default/production/_ext/1865468468/plib_nvic.o
 .ARM.attributes
                0x000000fa       0x2c build/default/production/_ext/1593096446/plib_nvmctrl.o
 .ARM.attributes
                0x00000126       0x2c build/default/production/_ext/1865521619/plib_port.o
 .ARM.attributes
                0x00000152       0x2c build/default/production/_ext/508257091/plib_sercom2_i2c_master.o
 .ARM.attributes
                0x0000017e       0x2c build/default/production/_ext/504274921/plib_sercom3_usart.o
 .ARM.attributes
                0x000001aa       0x2c build/default/production/_ext/829342655/plib_tc3.o
 .ARM.attributes
                0x000001d6       0x2c build/default/production/_ext/163028504/xc32_monitor.o
 .ARM.attributes
                0x00000202       0x2c build/default/production/_ext/1171490990/initialization.o
 .ARM.attributes
                0x0000022e       0x2c build/default/production/_ext/1171490990/interrupts.o
 .ARM.attributes
                0x0000025a       0x2c build/default/production/_ext/1171490990/exceptions.o
 .ARM.attributes
                0x00000286       0x2c build/default/production/_ext/1171490990/startup_xc32.o
 .ARM.attributes
                0x000002b2       0x2c build/default/production/_ext/1360937237/main.o
 .ARM.attributes
                0x000002de       0x2c build/default/production/_ext/1360937237/NHD-2.23-12832UCxx.o
 .ARM.attributes
                0x0000030a       0x2c c:/program files/microchip/xc32/v4.10/bin/bin/../../lib/gcc/pic32c/8.3.1/../../../../pic32c/lib/thumb/v6-m/nofp\libpic32c.a(data_init.o)
 .ARM.attributes
                0x00000336       0x1c c:/program files/microchip/xc32/v4.10/bin/bin/../../lib/gcc/pic32c/8.3.1/../../../../pic32c/lib/thumb/v6-m/nofp\libm-emfloat.a(floatasmops_arm.o)
 .ARM.attributes
                0x00000352       0x2e c:/program files/microchip/xc32/v4.10/bin/bin/../../lib/gcc/pic32c/8.3.1/../../../../pic32c/lib/thumb/v6-m/nofp\libc-musl.a(__libc_start_main.o)
 .ARM.attributes
                0x00000380       0x2e c:/program files/microchip/xc32/v4.10/bin/bin/../../lib/gcc/pic32c/8.3.1/../../../../pic32c/lib/thumb/v6-m/nofp\libc-musl.a(libc.o)
 .ARM.attributes
                0x000003ae       0x2e c:/program files/microchip/xc32/v4.10/bin/bin/../../lib/gcc/pic32c/8.3.1/../../../../pic32c/lib/thumb/v6-m/nofp\libc-musl.a(stdin.o)
 .ARM.attributes
                0x000003dc       0x2e c:/program files/microchip/xc32/v4.10/bin/bin/../../lib/gcc/pic32c/8.3.1/../../../../pic32c/lib/thumb/v6-m/nofp\libc-musl.a(stdout.o)
 .ARM.attributes
                0x0000040a       0x2e c:/program files/microchip/xc32/v4.10/bin/bin/../../lib/gcc/pic32c/8.3.1/../../../../pic32c/lib/thumb/v6-m/nofp\libc-musl.a(printf.o)
 .ARM.attributes
                0x00000438       0x2e c:/program files/microchip/xc32/v4.10/bin/bin/../../lib/gcc/pic32c/8.3.1/../../../../pic32c/lib/thumb/v6-m/nofp\libc-musl.a(setbuf.o)
 .ARM.attributes
                0x00000466       0x2e c:/program files/microchip/xc32/v4.10/bin/bin/../../lib/gcc/pic32c/8.3.1/../../../../pic32c/lib/thumb/v6-m/nofp\libc-musl.a(memcpy.o)
 .ARM.attributes
                0x00000494       0x2e c:/program files/microchip/xc32/v4.10/bin/bin/../../lib/gcc/pic32c/8.3.1/../../../../pic32c/lib/thumb/v6-m/nofp\libc-musl.a(strlen.o)
 .ARM.attributes
                0x000004c2       0x2e c:/program files/microchip/xc32/v4.10/bin/bin/../../lib/gcc/pic32c/8.3.1/../../../../pic32c/lib/thumb/v6-m/nofp\libc-musl.a(__environ.o)
 .ARM.attributes
                0x000004f0       0x2e c:/program files/microchip/xc32/v4.10/bin/bin/../../lib/gcc/pic32c/8.3.1/../../../../pic32c/lib/thumb/v6-m/nofp\libc-musl.a(__stdio_read.o)
 .ARM.attributes
                0x0000051e       0x2e c:/program files/microchip/xc32/v4.10/bin/bin/../../lib/gcc/pic32c/8.3.1/../../../../pic32c/lib/thumb/v6-m/nofp\libc-musl.a(__towrite_rw.o)
 .ARM.attributes
                0x0000054c       0x2e c:/program files/microchip/xc32/v4.10/bin/bin/../../lib/gcc/pic32c/8.3.1/../../../../pic32c/lib/thumb/v6-m/nofp\libc-musl.a(setvbuf.o)
 .ARM.attributes
                0x0000057a       0x2e c:/program files/microchip/xc32/v4.10/bin/bin/../../lib/gcc/pic32c/8.3.1/../../../../pic32c/lib/thumb/v6-m/nofp\libc-musl.a(vfprintf.o)
 .ARM.attributes
                0x000005a8       0x2e c:/program files/microchip/xc32/v4.10/bin/bin/../../lib/gcc/pic32c/8.3.1/../../../../pic32c/lib/thumb/v6-m/nofp\libc-musl.a(readv.o)
 .ARM.attributes
                0x000005d6       0x2e c:/program files/microchip/xc32/v4.10/bin/bin/../../lib/gcc/pic32c/8.3.1/../../../../pic32c/lib/thumb/v6-m/nofp\libc-musl.a(malloc.o)
 .ARM.attributes
                0x00000604       0x2e c:/program files/microchip/xc32/v4.10/bin/bin/../../lib/gcc/pic32c/8.3.1/../../../../pic32c/lib/thumb/v6-m/nofp\libc-musl.a(expand_heap.o)
 .ARM.attributes
                0x00000632       0x2e c:/program files/microchip/xc32/v4.10/bin/bin/../../lib/gcc/pic32c/8.3.1/../../../../pic32c/lib/thumb/v6-m/nofp\libc-musl.a(__init_stdio.o)
 .ARM.attributes
                0x00000660       0x2e c:/program files/microchip/xc32/v4.10/bin/bin/../../lib/gcc/pic32c/8.3.1/../../../../pic32c/lib/thumb/v6-m/nofp\libc-musl.a(__out.o)
 .ARM.attributes
                0x0000068e       0x2e c:/program files/microchip/xc32/v4.10/bin/bin/../../lib/gcc/pic32c/8.3.1/../../../../pic32c/lib/thumb/v6-m/nofp\libc-musl.a(__printf_core.o)
 .ARM.attributes
                0x000006bc       0x2e c:/program files/microchip/xc32/v4.10/bin/bin/../../lib/gcc/pic32c/8.3.1/../../../../pic32c/lib/thumb/v6-m/nofp\libc-musl.a(__stderr.o)
 .ARM.attributes
                0x000006ea       0x2e c:/program files/microchip/xc32/v4.10/bin/bin/../../lib/gcc/pic32c/8.3.1/../../../../pic32c/lib/thumb/v6-m/nofp\libc-musl.a(__stdio_close.o)
 .ARM.attributes
                0x00000718       0x2e c:/program files/microchip/xc32/v4.10/bin/bin/../../lib/gcc/pic32c/8.3.1/../../../../pic32c/lib/thumb/v6-m/nofp\libc-musl.a(__stdio_write.o)
 .ARM.attributes
                0x00000746       0x2e c:/program files/microchip/xc32/v4.10/bin/bin/../../lib/gcc/pic32c/8.3.1/../../../../pic32c/lib/thumb/v6-m/nofp\libc-musl.a(__stdout.o)
 .ARM.attributes
                0x00000774       0x2e c:/program files/microchip/xc32/v4.10/bin/bin/../../lib/gcc/pic32c/8.3.1/../../../../pic32c/lib/thumb/v6-m/nofp\libc-musl.a(__towrite.o)
 .ARM.attributes
                0x000007a2       0x2e c:/program files/microchip/xc32/v4.10/bin/bin/../../lib/gcc/pic32c/8.3.1/../../../../pic32c/lib/thumb/v6-m/nofp\libc-musl.a(atoi.o)
 .ARM.attributes
                0x000007d0       0x2e c:/program files/microchip/xc32/v4.10/bin/bin/../../lib/gcc/pic32c/8.3.1/../../../../pic32c/lib/thumb/v6-m/nofp\libc-musl.a(memset.o)
 .ARM.attributes
                0x000007fe       0x2e c:/program files/microchip/xc32/v4.10/bin/bin/../../lib/gcc/pic32c/8.3.1/../../../../pic32c/lib/thumb/v6-m/nofp\libc-musl.a(writev.o)
 .ARM.attributes
                0x0000082c       0x2e c:/program files/microchip/xc32/v4.10/bin/bin/../../lib/gcc/pic32c/8.3.1/../../../../pic32c/lib/thumb/v6-m/nofp\libc-musl.a(tolower.o)
 .ARM.attributes
                0x0000085a       0x2e c:/program files/microchip/xc32/v4.10/bin/bin/../../lib/gcc/pic32c/8.3.1/../../../../pic32c/lib/thumb/v6-m/nofp\libc-musl.a(__errno_location.o)
 .ARM.attributes
                0x00000888       0x2e c:/program files/microchip/xc32/v4.10/bin/bin/../../lib/gcc/pic32c/8.3.1/../../../../pic32c/lib/thumb/v6-m/nofp\libc-musl.a(__fmt_a.o)
 .ARM.attributes
                0x000008b6       0x2e c:/program files/microchip/xc32/v4.10/bin/bin/../../lib/gcc/pic32c/8.3.1/../../../../pic32c/lib/thumb/v6-m/nofp\libc-musl.a(__fmt_d.o)
 .ARM.attributes
                0x000008e4       0x2e c:/program files/microchip/xc32/v4.10/bin/bin/../../lib/gcc/pic32c/8.3.1/../../../../pic32c/lib/thumb/v6-m/nofp\libc-musl.a(__fmt_fp.o)
 .ARM.attributes
                0x00000912       0x2e c:/program files/microchip/xc32/v4.10/bin/bin/../../lib/gcc/pic32c/8.3.1/../../../../pic32c/lib/thumb/v6-m/nofp\libc-musl.a(__fmt_o.o)
 .ARM.attributes
                0x00000940       0x2e c:/program files/microchip/xc32/v4.10/bin/bin/../../lib/gcc/pic32c/8.3.1/../../../../pic32c/lib/thumb/v6-m/nofp\libc-musl.a(__fmt_s.o)
 .ARM.attributes
                0x0000096e       0x2e c:/program files/microchip/xc32/v4.10/bin/bin/../../lib/gcc/pic32c/8.3.1/../../../../pic32c/lib/thumb/v6-m/nofp\libc-musl.a(__fmt_u.o)
 .ARM.attributes
                0x0000099c       0x2e c:/program files/microchip/xc32/v4.10/bin/bin/../../lib/gcc/pic32c/8.3.1/../../../../pic32c/lib/thumb/v6-m/nofp\libc-musl.a(__fmt_x.o)
 .ARM.attributes
                0x000009ca       0x2e c:/program files/microchip/xc32/v4.10/bin/bin/../../lib/gcc/pic32c/8.3.1/../../../../pic32c/lib/thumb/v6-m/nofp\libc-musl.a(__fwrite.o)
 .ARM.attributes
                0x000009f8       0x2e c:/program files/microchip/xc32/v4.10/bin/bin/../../lib/gcc/pic32c/8.3.1/../../../../pic32c/lib/thumb/v6-m/nofp\libc-musl.a(__pop_float.o)
 .ARM.attributes
                0x00000a26       0x2e c:/program files/microchip/xc32/v4.10/bin/bin/../../lib/gcc/pic32c/8.3.1/../../../../pic32c/lib/thumb/v6-m/nofp\libc-musl.a(__pop_int.o)
 .ARM.attributes
                0x00000a54       0x2e c:/program files/microchip/xc32/v4.10/bin/bin/../../lib/gcc/pic32c/8.3.1/../../../../pic32c/lib/thumb/v6-m/nofp\libc-musl.a(__pop_ptr.o)
 .ARM.attributes
                0x00000a82       0x2e c:/program files/microchip/xc32/v4.10/bin/bin/../../lib/gcc/pic32c/8.3.1/../../../../pic32c/lib/thumb/v6-m/nofp\libc-musl.a(strcpy.o)
 .ARM.attributes
                0x00000ab0       0x2e c:/program files/microchip/xc32/v4.10/bin/bin/../../lib/gcc/pic32c/8.3.1/../../../../pic32c/lib/thumb/v6-m/nofp\libc-musl.a(toupper.o)
 .ARM.attributes
                0x00000ade       0x2e c:/program files/microchip/xc32/v4.10/bin/bin/../../lib/gcc/pic32c/8.3.1/../../../../pic32c/lib/thumb/v6-m/nofp\libc-musl.a(stpcpy.o)
 .ARM.attributes
                0x00000b0c       0x2c c:/program files/microchip/xc32/v4.10/bin/bin/../../lib/gcc/pic32c/8.3.1/../../../../pic32c/lib/thumb/v6-m/nofp\libm-emfloat.a(lib_a-_FLOOR.o)
 .ARM.attributes
                0x00000b38       0x2c c:/program files/microchip/xc32/v4.10/bin/bin/../../lib/gcc/pic32c/8.3.1/../../../../pic32c/lib/thumb/v6-m/nofp\libm-emfloat.a(lib_a-_FMA.o)
 .ARM.attributes
                0x00000b64       0x1e c:/program files/microchip/xc32/v4.10/bin/bin/../../lib/gcc/pic32c/8.3.1/thumb/v6-m/nofp\libgcc.a(_divsi3.o)
 .ARM.attributes
                0x00000b82       0x1e c:/program files/microchip/xc32/v4.10/bin/bin/../../lib/gcc/pic32c/8.3.1/thumb/v6-m/nofp\libgcc.a(_dvmd_tls.o)
 .ARM.attributes
                0x00000ba0       0x1e c:/program files/microchip/xc32/v4.10/bin/bin/../../lib/gcc/pic32c/8.3.1/thumb/v6-m/nofp\libgcc.a(_lshrdi3.o)
 .ARM.attributes
                0x00000bbe       0x1e c:/program files/microchip/xc32/v4.10/bin/bin/../../lib/gcc/pic32c/8.3.1/thumb/v6-m/nofp\libgcc.a(_ashldi3.o)
 .ARM.attributes
                0x00000bdc       0x1e c:/program files/microchip/xc32/v4.10/bin/bin/../../lib/gcc/pic32c/8.3.1/thumb/v6-m/nofp\libgcc.a(_aeabi_uldivmod.o)
 .ARM.attributes
                0x00000bfa       0x2c c:/program files/microchip/xc32/v4.10/bin/bin/../../lib/gcc/pic32c/8.3.1/thumb/v6-m/nofp\libgcc.a(_udivmoddi4.o)
 .ARM.attributes
                0x00000c26       0x1e c:/program files/microchip/xc32/v4.10/bin/bin/../../lib/gcc/pic32c/8.3.1/thumb/v6-m/nofp\libgcc.a(_clzdi2.o)
 .ARM.attributes
                0x00000c44       0x1e c:/program files/microchip/xc32/v4.10/bin/bin/../../lib/gcc/pic32c/8.3.1/thumb/v6-m/nofp\libgcc.a(_clzsi2.o)
 .ARM.attributes
                0x00000c62       0x2c c:/program files/microchip/xc32/v4.10/bin/bin/../../lib/gcc/pic32c/8.3.1/../../../../pic32c/lib/thumb/v6-m/nofp\libpic32c.a(close.o)
 .ARM.attributes
                0x00000c8e       0x2c c:/program files/microchip/xc32/v4.10/bin/bin/../../lib/gcc/pic32c/8.3.1/../../../../pic32c/lib/thumb/v6-m/nofp\libpic32c.a(lseek.o)
 .ARM.attributes
                0x00000cba       0x2c c:/program files/microchip/xc32/v4.10/bin/bin/../../lib/gcc/pic32c/8.3.1/../../../../pic32c/lib/thumb/v6-m/nofp\libpic32c.a(read.o)
 .ARM.attributes
                0x00000ce6       0x2c c:/program files/microchip/xc32/v4.10/bin/bin/../../lib/gcc/pic32c/8.3.1/../../../../pic32c/lib/thumb/v6-m/nofp\libpic32c.a(sbrk.o)
 .ARM.attributes
                0x00000d12       0x2c c:/program files/microchip/xc32/v4.10/bin/bin/../../lib/gcc/pic32c/8.3.1/../../../../pic32c/lib/thumb/v6-m/nofp\libpic32c.a(write.o)
 .ARM.attributes
                0x00000d3e       0x1e c:/program files/microchip/xc32/v4.10/bin/bin/../../lib/gcc/pic32c/8.3.1/thumb/v6-m/nofp/crtn.o

.comment        0x00000000       0x2b
 .comment       0x00000000       0x2b c:/program files/microchip/xc32/v4.10/bin/bin/../../lib/gcc/pic32c/8.3.1/thumb/v6-m/nofp/crtbegin.o
                                 0x2c (size before relaxing)
 .comment       0x0000002b       0x2c build/default/production/_ext/1984496892/plib_clock.o
 .comment       0x0000002b       0x2c build/default/production/_ext/60167341/plib_eic.o
 .comment       0x0000002b       0x2c build/default/production/_ext/1986646378/plib_evsys.o
 .comment       0x0000002b       0x2c build/default/production/_ext/1865468468/plib_nvic.o
 .comment       0x0000002b       0x2c build/default/production/_ext/1593096446/plib_nvmctrl.o
 .comment       0x0000002b       0x2c build/default/production/_ext/1865521619/plib_port.o
 .comment       0x0000002b       0x2c build/default/production/_ext/508257091/plib_sercom2_i2c_master.o
 .comment       0x0000002b       0x2c build/default/production/_ext/504274921/plib_sercom3_usart.o
 .comment       0x0000002b       0x2c build/default/production/_ext/829342655/plib_tc3.o
 .comment       0x0000002b       0x2c build/default/production/_ext/163028504/xc32_monitor.o
 .comment       0x0000002b       0x2c build/default/production/_ext/1171490990/initialization.o
 .comment       0x0000002b       0x2c build/default/production/_ext/1171490990/interrupts.o
 .comment       0x0000002b       0x2c build/default/production/_ext/1171490990/exceptions.o
 .comment       0x0000002b       0x2c build/default/production/_ext/1171490990/startup_xc32.o
 .comment       0x0000002b       0x2c build/default/production/_ext/1360937237/main.o
 .comment       0x0000002b       0x2c build/default/production/_ext/1360937237/NHD-2.23-12832UCxx.o
 .comment       0x0000002b       0x2c c:/program files/microchip/xc32/v4.10/bin/bin/../../lib/gcc/pic32c/8.3.1/../../../../pic32c/lib/thumb/v6-m/nofp\libpic32c.a(data_init.o)
 .comment       0x0000002b       0x2c c:/program files/microchip/xc32/v4.10/bin/bin/../../lib/gcc/pic32c/8.3.1/../../../../pic32c/lib/thumb/v6-m/nofp\libc-musl.a(__libc_start_main.o)
 .comment       0x0000002b       0x2c c:/program files/microchip/xc32/v4.10/bin/bin/../../lib/gcc/pic32c/8.3.1/../../../../pic32c/lib/thumb/v6-m/nofp\libc-musl.a(libc.o)
 .comment       0x0000002b       0x2c c:/program files/microchip/xc32/v4.10/bin/bin/../../lib/gcc/pic32c/8.3.1/../../../../pic32c/lib/thumb/v6-m/nofp\libc-musl.a(stdin.o)
 .comment       0x0000002b       0x2c c:/program files/microchip/xc32/v4.10/bin/bin/../../lib/gcc/pic32c/8.3.1/../../../../pic32c/lib/thumb/v6-m/nofp\libc-musl.a(stdout.o)
 .comment       0x0000002b       0x2c c:/program files/microchip/xc32/v4.10/bin/bin/../../lib/gcc/pic32c/8.3.1/../../../../pic32c/lib/thumb/v6-m/nofp\libc-musl.a(printf.o)
 .comment       0x0000002b       0x2c c:/program files/microchip/xc32/v4.10/bin/bin/../../lib/gcc/pic32c/8.3.1/../../../../pic32c/lib/thumb/v6-m/nofp\libc-musl.a(setbuf.o)
 .comment       0x0000002b       0x2c c:/program files/microchip/xc32/v4.10/bin/bin/../../lib/gcc/pic32c/8.3.1/../../../../pic32c/lib/thumb/v6-m/nofp\libc-musl.a(memcpy.o)
 .comment       0x0000002b       0x2c c:/program files/microchip/xc32/v4.10/bin/bin/../../lib/gcc/pic32c/8.3.1/../../../../pic32c/lib/thumb/v6-m/nofp\libc-musl.a(strlen.o)
 .comment       0x0000002b       0x2c c:/program files/microchip/xc32/v4.10/bin/bin/../../lib/gcc/pic32c/8.3.1/../../../../pic32c/lib/thumb/v6-m/nofp\libc-musl.a(__environ.o)
 .comment       0x0000002b       0x2c c:/program files/microchip/xc32/v4.10/bin/bin/../../lib/gcc/pic32c/8.3.1/../../../../pic32c/lib/thumb/v6-m/nofp\libc-musl.a(__stdio_read.o)
 .comment       0x0000002b       0x2c c:/program files/microchip/xc32/v4.10/bin/bin/../../lib/gcc/pic32c/8.3.1/../../../../pic32c/lib/thumb/v6-m/nofp\libc-musl.a(__towrite_rw.o)
 .comment       0x0000002b       0x2c c:/program files/microchip/xc32/v4.10/bin/bin/../../lib/gcc/pic32c/8.3.1/../../../../pic32c/lib/thumb/v6-m/nofp\libc-musl.a(setvbuf.o)
 .comment       0x0000002b       0x2c c:/program files/microchip/xc32/v4.10/bin/bin/../../lib/gcc/pic32c/8.3.1/../../../../pic32c/lib/thumb/v6-m/nofp\libc-musl.a(vfprintf.o)
 .comment       0x0000002b       0x2c c:/program files/microchip/xc32/v4.10/bin/bin/../../lib/gcc/pic32c/8.3.1/../../../../pic32c/lib/thumb/v6-m/nofp\libc-musl.a(readv.o)
 .comment       0x0000002b       0x2c c:/program files/microchip/xc32/v4.10/bin/bin/../../lib/gcc/pic32c/8.3.1/../../../../pic32c/lib/thumb/v6-m/nofp\libc-musl.a(malloc.o)
 .comment       0x0000002b       0x2c c:/program files/microchip/xc32/v4.10/bin/bin/../../lib/gcc/pic32c/8.3.1/../../../../pic32c/lib/thumb/v6-m/nofp\libc-musl.a(expand_heap.o)
 .comment       0x0000002b       0x2c c:/program files/microchip/xc32/v4.10/bin/bin/../../lib/gcc/pic32c/8.3.1/../../../../pic32c/lib/thumb/v6-m/nofp\libc-musl.a(__init_stdio.o)
 .comment       0x0000002b       0x2c c:/program files/microchip/xc32/v4.10/bin/bin/../../lib/gcc/pic32c/8.3.1/../../../../pic32c/lib/thumb/v6-m/nofp\libc-musl.a(__out.o)
 .comment       0x0000002b       0x2c c:/program files/microchip/xc32/v4.10/bin/bin/../../lib/gcc/pic32c/8.3.1/../../../../pic32c/lib/thumb/v6-m/nofp\libc-musl.a(__printf_core.o)
 .comment       0x0000002b       0x2c c:/program files/microchip/xc32/v4.10/bin/bin/../../lib/gcc/pic32c/8.3.1/../../../../pic32c/lib/thumb/v6-m/nofp\libc-musl.a(__stderr.o)
 .comment       0x0000002b       0x2c c:/program files/microchip/xc32/v4.10/bin/bin/../../lib/gcc/pic32c/8.3.1/../../../../pic32c/lib/thumb/v6-m/nofp\libc-musl.a(__stdio_close.o)
 .comment       0x0000002b       0x2c c:/program files/microchip/xc32/v4.10/bin/bin/../../lib/gcc/pic32c/8.3.1/../../../../pic32c/lib/thumb/v6-m/nofp\libc-musl.a(__stdio_write.o)
 .comment       0x0000002b       0x2c c:/program files/microchip/xc32/v4.10/bin/bin/../../lib/gcc/pic32c/8.3.1/../../../../pic32c/lib/thumb/v6-m/nofp\libc-musl.a(__stdout.o)
 .comment       0x0000002b       0x2c c:/program files/microchip/xc32/v4.10/bin/bin/../../lib/gcc/pic32c/8.3.1/../../../../pic32c/lib/thumb/v6-m/nofp\libc-musl.a(__towrite.o)
 .comment       0x0000002b       0x2c c:/program files/microchip/xc32/v4.10/bin/bin/../../lib/gcc/pic32c/8.3.1/../../../../pic32c/lib/thumb/v6-m/nofp\libc-musl.a(atoi.o)
 .comment       0x0000002b       0x2c c:/program files/microchip/xc32/v4.10/bin/bin/../../lib/gcc/pic32c/8.3.1/../../../../pic32c/lib/thumb/v6-m/nofp\libc-musl.a(memset.o)
 .comment       0x0000002b       0x2c c:/program files/microchip/xc32/v4.10/bin/bin/../../lib/gcc/pic32c/8.3.1/../../../../pic32c/lib/thumb/v6-m/nofp\libc-musl.a(writev.o)
 .comment       0x0000002b       0x2c c:/program files/microchip/xc32/v4.10/bin/bin/../../lib/gcc/pic32c/8.3.1/../../../../pic32c/lib/thumb/v6-m/nofp\libc-musl.a(tolower.o)
 .comment       0x0000002b       0x2c c:/program files/microchip/xc32/v4.10/bin/bin/../../lib/gcc/pic32c/8.3.1/../../../../pic32c/lib/thumb/v6-m/nofp\libc-musl.a(__errno_location.o)
 .comment       0x0000002b       0x2c c:/program files/microchip/xc32/v4.10/bin/bin/../../lib/gcc/pic32c/8.3.1/../../../../pic32c/lib/thumb/v6-m/nofp\libc-musl.a(__fmt_a.o)
 .comment       0x0000002b       0x2c c:/program files/microchip/xc32/v4.10/bin/bin/../../lib/gcc/pic32c/8.3.1/../../../../pic32c/lib/thumb/v6-m/nofp\libc-musl.a(__fmt_d.o)
 .comment       0x0000002b       0x2c c:/program files/microchip/xc32/v4.10/bin/bin/../../lib/gcc/pic32c/8.3.1/../../../../pic32c/lib/thumb/v6-m/nofp\libc-musl.a(__fmt_fp.o)
 .comment       0x0000002b       0x2c c:/program files/microchip/xc32/v4.10/bin/bin/../../lib/gcc/pic32c/8.3.1/../../../../pic32c/lib/thumb/v6-m/nofp\libc-musl.a(__fmt_o.o)
 .comment       0x0000002b       0x2c c:/program files/microchip/xc32/v4.10/bin/bin/../../lib/gcc/pic32c/8.3.1/../../../../pic32c/lib/thumb/v6-m/nofp\libc-musl.a(__fmt_s.o)
 .comment       0x0000002b       0x2c c:/program files/microchip/xc32/v4.10/bin/bin/../../lib/gcc/pic32c/8.3.1/../../../../pic32c/lib/thumb/v6-m/nofp\libc-musl.a(__fmt_u.o)
 .comment       0x0000002b       0x2c c:/program files/microchip/xc32/v4.10/bin/bin/../../lib/gcc/pic32c/8.3.1/../../../../pic32c/lib/thumb/v6-m/nofp\libc-musl.a(__fmt_x.o)
 .comment       0x0000002b       0x2c c:/program files/microchip/xc32/v4.10/bin/bin/../../lib/gcc/pic32c/8.3.1/../../../../pic32c/lib/thumb/v6-m/nofp\libc-musl.a(__fwrite.o)
 .comment       0x0000002b       0x2c c:/program files/microchip/xc32/v4.10/bin/bin/../../lib/gcc/pic32c/8.3.1/../../../../pic32c/lib/thumb/v6-m/nofp\libc-musl.a(__pop_float.o)
 .comment       0x0000002b       0x2c c:/program files/microchip/xc32/v4.10/bin/bin/../../lib/gcc/pic32c/8.3.1/../../../../pic32c/lib/thumb/v6-m/nofp\libc-musl.a(__pop_int.o)
 .comment       0x0000002b       0x2c c:/program files/microchip/xc32/v4.10/bin/bin/../../lib/gcc/pic32c/8.3.1/../../../../pic32c/lib/thumb/v6-m/nofp\libc-musl.a(__pop_ptr.o)
 .comment       0x0000002b       0x2c c:/program files/microchip/xc32/v4.10/bin/bin/../../lib/gcc/pic32c/8.3.1/../../../../pic32c/lib/thumb/v6-m/nofp\libc-musl.a(strcpy.o)
 .comment       0x0000002b       0x2c c:/program files/microchip/xc32/v4.10/bin/bin/../../lib/gcc/pic32c/8.3.1/../../../../pic32c/lib/thumb/v6-m/nofp\libc-musl.a(toupper.o)
 .comment       0x0000002b       0x2c c:/program files/microchip/xc32/v4.10/bin/bin/../../lib/gcc/pic32c/8.3.1/../../../../pic32c/lib/thumb/v6-m/nofp\libc-musl.a(stpcpy.o)
 .comment       0x0000002b       0x2c c:/program files/microchip/xc32/v4.10/bin/bin/../../lib/gcc/pic32c/8.3.1/../../../../pic32c/lib/thumb/v6-m/nofp\libm-emfloat.a(lib_a-_FLOOR.o)
 .comment       0x0000002b       0x2c c:/program files/microchip/xc32/v4.10/bin/bin/../../lib/gcc/pic32c/8.3.1/../../../../pic32c/lib/thumb/v6-m/nofp\libm-emfloat.a(lib_a-_FMA.o)
 .comment       0x0000002b       0x2c c:/program files/microchip/xc32/v4.10/bin/bin/../../lib/gcc/pic32c/8.3.1/thumb/v6-m/nofp\libgcc.a(_udivmoddi4.o)
 .comment       0x0000002b       0x2c c:/program files/microchip/xc32/v4.10/bin/bin/../../lib/gcc/pic32c/8.3.1/../../../../pic32c/lib/thumb/v6-m/nofp\libpic32c.a(close.o)
 .comment       0x0000002b       0x2c c:/program files/microchip/xc32/v4.10/bin/bin/../../lib/gcc/pic32c/8.3.1/../../../../pic32c/lib/thumb/v6-m/nofp\libpic32c.a(lseek.o)
 .comment       0x0000002b       0x2c c:/program files/microchip/xc32/v4.10/bin/bin/../../lib/gcc/pic32c/8.3.1/../../../../pic32c/lib/thumb/v6-m/nofp\libpic32c.a(read.o)
 .comment       0x0000002b       0x2c c:/program files/microchip/xc32/v4.10/bin/bin/../../lib/gcc/pic32c/8.3.1/../../../../pic32c/lib/thumb/v6-m/nofp\libpic32c.a(sbrk.o)
 .comment       0x0000002b       0x2c c:/program files/microchip/xc32/v4.10/bin/bin/../../lib/gcc/pic32c/8.3.1/../../../../pic32c/lib/thumb/v6-m/nofp\libpic32c.a(write.o)

.debug_info     0x00000000    0x1cc62
 .debug_info    0x00000000      0x9a1 build/default/production/_ext/1984496892/plib_clock.o
 .debug_info    0x000009a1      0x43d build/default/production/_ext/60167341/plib_eic.o
 .debug_info    0x00000dde      0x2ee build/default/production/_ext/1986646378/plib_evsys.o
 .debug_info    0x000010cc      0xa13 build/default/production/_ext/1865468468/plib_nvic.o
 .debug_info    0x00001adf      0x880 build/default/production/_ext/1593096446/plib_nvmctrl.o
 .debug_info    0x0000235f      0xd34 build/default/production/_ext/1865521619/plib_port.o
 .debug_info    0x00003093     0x156c build/default/production/_ext/508257091/plib_sercom2_i2c_master.o
 .debug_info    0x000045ff     0x1214 build/default/production/_ext/504274921/plib_sercom3_usart.o
 .debug_info    0x00005813      0xbdb build/default/production/_ext/829342655/plib_tc3.o
 .debug_info    0x000063ee      0x3c1 build/default/production/_ext/163028504/xc32_monitor.o
 .debug_info    0x000067af      0x68e build/default/production/_ext/1171490990/initialization.o
 .debug_info    0x00006e3d      0x7ed build/default/production/_ext/1171490990/interrupts.o
 .debug_info    0x0000762a      0x312 build/default/production/_ext/1171490990/exceptions.o
 .debug_info    0x0000793c      0x482 build/default/production/_ext/1171490990/startup_xc32.o
 .debug_info    0x00007dbe     0x1140 build/default/production/_ext/1360937237/main.o
 .debug_info    0x00008efe     0x441b build/default/production/_ext/1360937237/NHD-2.23-12832UCxx.o
 .debug_info    0x0000d319      0x2a4 c:/program files/microchip/xc32/v4.10/bin/bin/../../lib/gcc/pic32c/8.3.1/../../../../pic32c/lib/thumb/v6-m/nofp\libpic32c.a(data_init.o)
 .debug_info    0x0000d5bd      0x61d c:/program files/microchip/xc32/v4.10/bin/bin/../../lib/gcc/pic32c/8.3.1/../../../../pic32c/lib/thumb/v6-m/nofp\libc-musl.a(__libc_start_main.o)
 .debug_info    0x0000dbda      0x52f c:/program files/microchip/xc32/v4.10/bin/bin/../../lib/gcc/pic32c/8.3.1/../../../../pic32c/lib/thumb/v6-m/nofp\libc-musl.a(libc.o)
 .debug_info    0x0000e109      0x6c1 c:/program files/microchip/xc32/v4.10/bin/bin/../../lib/gcc/pic32c/8.3.1/../../../../pic32c/lib/thumb/v6-m/nofp\libc-musl.a(stdin.o)
 .debug_info    0x0000e7ca      0x47d c:/program files/microchip/xc32/v4.10/bin/bin/../../lib/gcc/pic32c/8.3.1/../../../../pic32c/lib/thumb/v6-m/nofp\libc-musl.a(stdout.o)
 .debug_info    0x0000ec47      0x337 c:/program files/microchip/xc32/v4.10/bin/bin/../../lib/gcc/pic32c/8.3.1/../../../../pic32c/lib/thumb/v6-m/nofp\libc-musl.a(printf.o)
 .debug_info    0x0000ef7e      0x2ed c:/program files/microchip/xc32/v4.10/bin/bin/../../lib/gcc/pic32c/8.3.1/../../../../pic32c/lib/thumb/v6-m/nofp\libc-musl.a(setbuf.o)
 .debug_info    0x0000f26b      0x2eb c:/program files/microchip/xc32/v4.10/bin/bin/../../lib/gcc/pic32c/8.3.1/../../../../pic32c/lib/thumb/v6-m/nofp\libc-musl.a(memcpy.o)
 .debug_info    0x0000f556      0x2a0 c:/program files/microchip/xc32/v4.10/bin/bin/../../lib/gcc/pic32c/8.3.1/../../../../pic32c/lib/thumb/v6-m/nofp\libc-musl.a(strlen.o)
 .debug_info    0x0000f7f6      0x2a9 c:/program files/microchip/xc32/v4.10/bin/bin/../../lib/gcc/pic32c/8.3.1/../../../../pic32c/lib/thumb/v6-m/nofp\libc-musl.a(__environ.o)
 .debug_info    0x0000fa9f      0x6a5 c:/program files/microchip/xc32/v4.10/bin/bin/../../lib/gcc/pic32c/8.3.1/../../../../pic32c/lib/thumb/v6-m/nofp\libc-musl.a(__stdio_read.o)
 .debug_info    0x00010144      0x5d4 c:/program files/microchip/xc32/v4.10/bin/bin/../../lib/gcc/pic32c/8.3.1/../../../../pic32c/lib/thumb/v6-m/nofp\libc-musl.a(__towrite_rw.o)
 .debug_info    0x00010718      0x548 c:/program files/microchip/xc32/v4.10/bin/bin/../../lib/gcc/pic32c/8.3.1/../../../../pic32c/lib/thumb/v6-m/nofp\libc-musl.a(setvbuf.o)
 .debug_info    0x00010c60      0x6c5 c:/program files/microchip/xc32/v4.10/bin/bin/../../lib/gcc/pic32c/8.3.1/../../../../pic32c/lib/thumb/v6-m/nofp\libc-musl.a(vfprintf.o)
 .debug_info    0x00011325      0x360 c:/program files/microchip/xc32/v4.10/bin/bin/../../lib/gcc/pic32c/8.3.1/../../../../pic32c/lib/thumb/v6-m/nofp\libc-musl.a(readv.o)
 .debug_info    0x00011685     0x139b c:/program files/microchip/xc32/v4.10/bin/bin/../../lib/gcc/pic32c/8.3.1/../../../../pic32c/lib/thumb/v6-m/nofp\libc-musl.a(malloc.o)
 .debug_info    0x00012a20      0x376 c:/program files/microchip/xc32/v4.10/bin/bin/../../lib/gcc/pic32c/8.3.1/../../../../pic32c/lib/thumb/v6-m/nofp\libc-musl.a(expand_heap.o)
 .debug_info    0x00012d96      0x326 c:/program files/microchip/xc32/v4.10/bin/bin/../../lib/gcc/pic32c/8.3.1/../../../../pic32c/lib/thumb/v6-m/nofp\libc-musl.a(__init_stdio.o)
 .debug_info    0x000130bc      0x53a c:/program files/microchip/xc32/v4.10/bin/bin/../../lib/gcc/pic32c/8.3.1/../../../../pic32c/lib/thumb/v6-m/nofp\libc-musl.a(__out.o)
 .debug_info    0x000135f6      0xd3f c:/program files/microchip/xc32/v4.10/bin/bin/../../lib/gcc/pic32c/8.3.1/../../../../pic32c/lib/thumb/v6-m/nofp\libc-musl.a(__printf_core.o)
 .debug_info    0x00014335      0x665 c:/program files/microchip/xc32/v4.10/bin/bin/../../lib/gcc/pic32c/8.3.1/../../../../pic32c/lib/thumb/v6-m/nofp\libc-musl.a(__stderr.o)
 .debug_info    0x0001499a      0x6be c:/program files/microchip/xc32/v4.10/bin/bin/../../lib/gcc/pic32c/8.3.1/../../../../pic32c/lib/thumb/v6-m/nofp\libc-musl.a(__stdio_close.o)
 .debug_info    0x00015058      0x6f2 c:/program files/microchip/xc32/v4.10/bin/bin/../../lib/gcc/pic32c/8.3.1/../../../../pic32c/lib/thumb/v6-m/nofp\libc-musl.a(__stdio_write.o)
 .debug_info    0x0001574a      0x665 c:/program files/microchip/xc32/v4.10/bin/bin/../../lib/gcc/pic32c/8.3.1/../../../../pic32c/lib/thumb/v6-m/nofp\libc-musl.a(__stdout.o)
 .debug_info    0x00015daf      0x4f0 c:/program files/microchip/xc32/v4.10/bin/bin/../../lib/gcc/pic32c/8.3.1/../../../../pic32c/lib/thumb/v6-m/nofp\libc-musl.a(__towrite.o)
 .debug_info    0x0001629f      0x2f5 c:/program files/microchip/xc32/v4.10/bin/bin/../../lib/gcc/pic32c/8.3.1/../../../../pic32c/lib/thumb/v6-m/nofp\libc-musl.a(atoi.o)
 .debug_info    0x00016594      0x2af c:/program files/microchip/xc32/v4.10/bin/bin/../../lib/gcc/pic32c/8.3.1/../../../../pic32c/lib/thumb/v6-m/nofp\libc-musl.a(memset.o)
 .debug_info    0x00016843      0x364 c:/program files/microchip/xc32/v4.10/bin/bin/../../lib/gcc/pic32c/8.3.1/../../../../pic32c/lib/thumb/v6-m/nofp\libc-musl.a(writev.o)
 .debug_info    0x00016ba7      0x353 c:/program files/microchip/xc32/v4.10/bin/bin/../../lib/gcc/pic32c/8.3.1/../../../../pic32c/lib/thumb/v6-m/nofp\libc-musl.a(tolower.o)
 .debug_info    0x00016efa      0x26d c:/program files/microchip/xc32/v4.10/bin/bin/../../lib/gcc/pic32c/8.3.1/../../../../pic32c/lib/thumb/v6-m/nofp\libc-musl.a(__errno_location.o)
 .debug_info    0x00017167      0x8c7 c:/program files/microchip/xc32/v4.10/bin/bin/../../lib/gcc/pic32c/8.3.1/../../../../pic32c/lib/thumb/v6-m/nofp\libc-musl.a(__fmt_a.o)
 .debug_info    0x00017a2e      0x5bc c:/program files/microchip/xc32/v4.10/bin/bin/../../lib/gcc/pic32c/8.3.1/../../../../pic32c/lib/thumb/v6-m/nofp\libc-musl.a(__fmt_d.o)
 .debug_info    0x00017fea      0x957 c:/program files/microchip/xc32/v4.10/bin/bin/../../lib/gcc/pic32c/8.3.1/../../../../pic32c/lib/thumb/v6-m/nofp\libc-musl.a(__fmt_fp.o)
 .debug_info    0x00018941      0x58d c:/program files/microchip/xc32/v4.10/bin/bin/../../lib/gcc/pic32c/8.3.1/../../../../pic32c/lib/thumb/v6-m/nofp\libc-musl.a(__fmt_o.o)
 .debug_info    0x00018ece      0x578 c:/program files/microchip/xc32/v4.10/bin/bin/../../lib/gcc/pic32c/8.3.1/../../../../pic32c/lib/thumb/v6-m/nofp\libc-musl.a(__fmt_s.o)
 .debug_info    0x00019446      0x650 c:/program files/microchip/xc32/v4.10/bin/bin/../../lib/gcc/pic32c/8.3.1/../../../../pic32c/lib/thumb/v6-m/nofp\libc-musl.a(__fmt_u.o)
 .debug_info    0x00019a96      0x5c1 c:/program files/microchip/xc32/v4.10/bin/bin/../../lib/gcc/pic32c/8.3.1/../../../../pic32c/lib/thumb/v6-m/nofp\libc-musl.a(__fmt_x.o)
 .debug_info    0x0001a057      0x5a5 c:/program files/microchip/xc32/v4.10/bin/bin/../../lib/gcc/pic32c/8.3.1/../../../../pic32c/lib/thumb/v6-m/nofp\libc-musl.a(__fwrite.o)
 .debug_info    0x0001a5fc      0x3d7 c:/program files/microchip/xc32/v4.10/bin/bin/../../lib/gcc/pic32c/8.3.1/../../../../pic32c/lib/thumb/v6-m/nofp\libc-musl.a(__pop_float.o)
 .debug_info    0x0001a9d3      0x3fb c:/program files/microchip/xc32/v4.10/bin/bin/../../lib/gcc/pic32c/8.3.1/../../../../pic32c/lib/thumb/v6-m/nofp\libc-musl.a(__pop_int.o)
 .debug_info    0x0001adce      0x407 c:/program files/microchip/xc32/v4.10/bin/bin/../../lib/gcc/pic32c/8.3.1/../../../../pic32c/lib/thumb/v6-m/nofp\libc-musl.a(__pop_ptr.o)
 .debug_info    0x0001b1d5      0x2ae c:/program files/microchip/xc32/v4.10/bin/bin/../../lib/gcc/pic32c/8.3.1/../../../../pic32c/lib/thumb/v6-m/nofp\libc-musl.a(strcpy.o)
 .debug_info    0x0001b483      0x353 c:/program files/microchip/xc32/v4.10/bin/bin/../../lib/gcc/pic32c/8.3.1/../../../../pic32c/lib/thumb/v6-m/nofp\libc-musl.a(toupper.o)
 .debug_info    0x0001b7d6      0x2b2 c:/program files/microchip/xc32/v4.10/bin/bin/../../lib/gcc/pic32c/8.3.1/../../../../pic32c/lib/thumb/v6-m/nofp\libc-musl.a(stpcpy.o)
 .debug_info    0x0001ba88       0x26 c:/program files/microchip/xc32/v4.10/bin/bin/../../lib/gcc/pic32c/8.3.1/thumb/v6-m/nofp\libgcc.a(_divsi3.o)
 .debug_info    0x0001baae       0x26 c:/program files/microchip/xc32/v4.10/bin/bin/../../lib/gcc/pic32c/8.3.1/thumb/v6-m/nofp\libgcc.a(_dvmd_tls.o)
 .debug_info    0x0001bad4       0x26 c:/program files/microchip/xc32/v4.10/bin/bin/../../lib/gcc/pic32c/8.3.1/thumb/v6-m/nofp\libgcc.a(_lshrdi3.o)
 .debug_info    0x0001bafa       0x26 c:/program files/microchip/xc32/v4.10/bin/bin/../../lib/gcc/pic32c/8.3.1/thumb/v6-m/nofp\libgcc.a(_ashldi3.o)
 .debug_info    0x0001bb20       0x26 c:/program files/microchip/xc32/v4.10/bin/bin/../../lib/gcc/pic32c/8.3.1/thumb/v6-m/nofp\libgcc.a(_aeabi_uldivmod.o)
 .debug_info    0x0001bb46      0x429 c:/program files/microchip/xc32/v4.10/bin/bin/../../lib/gcc/pic32c/8.3.1/thumb/v6-m/nofp\libgcc.a(_udivmoddi4.o)
 .debug_info    0x0001bf6f       0x26 c:/program files/microchip/xc32/v4.10/bin/bin/../../lib/gcc/pic32c/8.3.1/thumb/v6-m/nofp\libgcc.a(_clzdi2.o)
 .debug_info    0x0001bf95       0x26 c:/program files/microchip/xc32/v4.10/bin/bin/../../lib/gcc/pic32c/8.3.1/thumb/v6-m/nofp\libgcc.a(_clzsi2.o)
 .debug_info    0x0001bfbb      0x288 c:/program files/microchip/xc32/v4.10/bin/bin/../../lib/gcc/pic32c/8.3.1/../../../../pic32c/lib/thumb/v6-m/nofp\libpic32c.a(close.o)
 .debug_info    0x0001c243      0x288 c:/program files/microchip/xc32/v4.10/bin/bin/../../lib/gcc/pic32c/8.3.1/../../../../pic32c/lib/thumb/v6-m/nofp\libpic32c.a(lseek.o)
 .debug_info    0x0001c4cb      0x287 c:/program files/microchip/xc32/v4.10/bin/bin/../../lib/gcc/pic32c/8.3.1/../../../../pic32c/lib/thumb/v6-m/nofp\libpic32c.a(read.o)
 .debug_info    0x0001c752      0x287 c:/program files/microchip/xc32/v4.10/bin/bin/../../lib/gcc/pic32c/8.3.1/../../../../pic32c/lib/thumb/v6-m/nofp\libpic32c.a(sbrk.o)
 .debug_info    0x0001c9d9      0x289 c:/program files/microchip/xc32/v4.10/bin/bin/../../lib/gcc/pic32c/8.3.1/../../../../pic32c/lib/thumb/v6-m/nofp\libpic32c.a(write.o)

.debug_abbrev   0x00000000     0x49c9
 .debug_abbrev  0x00000000      0x13e build/default/production/_ext/1984496892/plib_clock.o
 .debug_abbrev  0x0000013e       0x99 build/default/production/_ext/60167341/plib_eic.o
 .debug_abbrev  0x000001d7       0x3b build/default/production/_ext/1986646378/plib_evsys.o
 .debug_abbrev  0x00000212      0x1e1 build/default/production/_ext/1865468468/plib_nvic.o
 .debug_abbrev  0x000003f3      0x1b1 build/default/production/_ext/1593096446/plib_nvmctrl.o
 .debug_abbrev  0x000005a4      0x1d6 build/default/production/_ext/1865521619/plib_port.o
 .debug_abbrev  0x0000077a      0x3b0 build/default/production/_ext/508257091/plib_sercom2_i2c_master.o
 .debug_abbrev  0x00000b2a      0x2a1 build/default/production/_ext/504274921/plib_sercom3_usart.o
 .debug_abbrev  0x00000dcb      0x1e8 build/default/production/_ext/829342655/plib_tc3.o
 .debug_abbrev  0x00000fb3       0xbf build/default/production/_ext/163028504/xc32_monitor.o
 .debug_abbrev  0x00001072      0x16f build/default/production/_ext/1171490990/initialization.o
 .debug_abbrev  0x000011e1       0xb5 build/default/production/_ext/1171490990/interrupts.o
 .debug_abbrev  0x00001296       0x3e build/default/production/_ext/1171490990/exceptions.o
 .debug_abbrev  0x000012d4      0x110 build/default/production/_ext/1171490990/startup_xc32.o
 .debug_abbrev  0x000013e4      0x265 build/default/production/_ext/1360937237/main.o
 .debug_abbrev  0x00001649      0x322 build/default/production/_ext/1360937237/NHD-2.23-12832UCxx.o
 .debug_abbrev  0x0000196b       0x2e c:/program files/microchip/xc32/v4.10/bin/bin/../../lib/gcc/pic32c/8.3.1/../../../../pic32c/lib/thumb/v6-m/nofp\libpic32c.a(data_init.o)
 .debug_abbrev  0x00001999      0x117 c:/program files/microchip/xc32/v4.10/bin/bin/../../lib/gcc/pic32c/8.3.1/../../../../pic32c/lib/thumb/v6-m/nofp\libc-musl.a(__libc_start_main.o)
 .debug_abbrev  0x00001ab0       0xb8 c:/program files/microchip/xc32/v4.10/bin/bin/../../lib/gcc/pic32c/8.3.1/../../../../pic32c/lib/thumb/v6-m/nofp\libc-musl.a(libc.o)
 .debug_abbrev  0x00001b68      0x175 c:/program files/microchip/xc32/v4.10/bin/bin/../../lib/gcc/pic32c/8.3.1/../../../../pic32c/lib/thumb/v6-m/nofp\libc-musl.a(stdin.o)
 .debug_abbrev  0x00001cdd      0x118 c:/program files/microchip/xc32/v4.10/bin/bin/../../lib/gcc/pic32c/8.3.1/../../../../pic32c/lib/thumb/v6-m/nofp\libc-musl.a(stdout.o)
 .debug_abbrev  0x00001df5      0x112 c:/program files/microchip/xc32/v4.10/bin/bin/../../lib/gcc/pic32c/8.3.1/../../../../pic32c/lib/thumb/v6-m/nofp\libc-musl.a(printf.o)
 .debug_abbrev  0x00001f07       0x9d c:/program files/microchip/xc32/v4.10/bin/bin/../../lib/gcc/pic32c/8.3.1/../../../../pic32c/lib/thumb/v6-m/nofp\libc-musl.a(setbuf.o)
 .debug_abbrev  0x00001fa4       0x9c c:/program files/microchip/xc32/v4.10/bin/bin/../../lib/gcc/pic32c/8.3.1/../../../../pic32c/lib/thumb/v6-m/nofp\libc-musl.a(memcpy.o)
 .debug_abbrev  0x00002040       0x86 c:/program files/microchip/xc32/v4.10/bin/bin/../../lib/gcc/pic32c/8.3.1/../../../../pic32c/lib/thumb/v6-m/nofp\libc-musl.a(strlen.o)
 .debug_abbrev  0x000020c6       0x57 c:/program files/microchip/xc32/v4.10/bin/bin/../../lib/gcc/pic32c/8.3.1/../../../../pic32c/lib/thumb/v6-m/nofp\libc-musl.a(__environ.o)
 .debug_abbrev  0x0000211d      0x150 c:/program files/microchip/xc32/v4.10/bin/bin/../../lib/gcc/pic32c/8.3.1/../../../../pic32c/lib/thumb/v6-m/nofp\libc-musl.a(__stdio_read.o)
 .debug_abbrev  0x0000226d       0xdc c:/program files/microchip/xc32/v4.10/bin/bin/../../lib/gcc/pic32c/8.3.1/../../../../pic32c/lib/thumb/v6-m/nofp\libc-musl.a(__towrite_rw.o)
 .debug_abbrev  0x00002349      0x119 c:/program files/microchip/xc32/v4.10/bin/bin/../../lib/gcc/pic32c/8.3.1/../../../../pic32c/lib/thumb/v6-m/nofp\libc-musl.a(setvbuf.o)
 .debug_abbrev  0x00002462      0x16f c:/program files/microchip/xc32/v4.10/bin/bin/../../lib/gcc/pic32c/8.3.1/../../../../pic32c/lib/thumb/v6-m/nofp\libc-musl.a(vfprintf.o)
 .debug_abbrev  0x000025d1       0xd8 c:/program files/microchip/xc32/v4.10/bin/bin/../../lib/gcc/pic32c/8.3.1/../../../../pic32c/lib/thumb/v6-m/nofp\libc-musl.a(readv.o)
 .debug_abbrev  0x000026a9      0x3fa c:/program files/microchip/xc32/v4.10/bin/bin/../../lib/gcc/pic32c/8.3.1/../../../../pic32c/lib/thumb/v6-m/nofp\libc-musl.a(malloc.o)
 .debug_abbrev  0x00002aa3       0xa5 c:/program files/microchip/xc32/v4.10/bin/bin/../../lib/gcc/pic32c/8.3.1/../../../../pic32c/lib/thumb/v6-m/nofp\libc-musl.a(expand_heap.o)
 .debug_abbrev  0x00002b48       0x5a c:/program files/microchip/xc32/v4.10/bin/bin/../../lib/gcc/pic32c/8.3.1/../../../../pic32c/lib/thumb/v6-m/nofp\libc-musl.a(__init_stdio.o)
 .debug_abbrev  0x00002ba2      0x15b c:/program files/microchip/xc32/v4.10/bin/bin/../../lib/gcc/pic32c/8.3.1/../../../../pic32c/lib/thumb/v6-m/nofp\libc-musl.a(__out.o)
 .debug_abbrev  0x00002cfd      0x2be c:/program files/microchip/xc32/v4.10/bin/bin/../../lib/gcc/pic32c/8.3.1/../../../../pic32c/lib/thumb/v6-m/nofp\libc-musl.a(__printf_core.o)
 .debug_abbrev  0x00002fbb      0x151 c:/program files/microchip/xc32/v4.10/bin/bin/../../lib/gcc/pic32c/8.3.1/../../../../pic32c/lib/thumb/v6-m/nofp\libc-musl.a(__stderr.o)
 .debug_abbrev  0x0000310c      0x11f c:/program files/microchip/xc32/v4.10/bin/bin/../../lib/gcc/pic32c/8.3.1/../../../../pic32c/lib/thumb/v6-m/nofp\libc-musl.a(__stdio_close.o)
 .debug_abbrev  0x0000322b      0x1a1 c:/program files/microchip/xc32/v4.10/bin/bin/../../lib/gcc/pic32c/8.3.1/../../../../pic32c/lib/thumb/v6-m/nofp\libc-musl.a(__stdio_write.o)
 .debug_abbrev  0x000033cc      0x151 c:/program files/microchip/xc32/v4.10/bin/bin/../../lib/gcc/pic32c/8.3.1/../../../../pic32c/lib/thumb/v6-m/nofp\libc-musl.a(__stdout.o)
 .debug_abbrev  0x0000351d       0xf8 c:/program files/microchip/xc32/v4.10/bin/bin/../../lib/gcc/pic32c/8.3.1/../../../../pic32c/lib/thumb/v6-m/nofp\libc-musl.a(__towrite.o)
 .debug_abbrev  0x00003615       0xbb c:/program files/microchip/xc32/v4.10/bin/bin/../../lib/gcc/pic32c/8.3.1/../../../../pic32c/lib/thumb/v6-m/nofp\libc-musl.a(atoi.o)
 .debug_abbrev  0x000036d0       0x97 c:/program files/microchip/xc32/v4.10/bin/bin/../../lib/gcc/pic32c/8.3.1/../../../../pic32c/lib/thumb/v6-m/nofp\libc-musl.a(memset.o)
 .debug_abbrev  0x00003767       0xd8 c:/program files/microchip/xc32/v4.10/bin/bin/../../lib/gcc/pic32c/8.3.1/../../../../pic32c/lib/thumb/v6-m/nofp\libc-musl.a(writev.o)
 .debug_abbrev  0x0000383f       0xe9 c:/program files/microchip/xc32/v4.10/bin/bin/../../lib/gcc/pic32c/8.3.1/../../../../pic32c/lib/thumb/v6-m/nofp\libc-musl.a(tolower.o)
 .debug_abbrev  0x00003928       0x2e c:/program files/microchip/xc32/v4.10/bin/bin/../../lib/gcc/pic32c/8.3.1/../../../../pic32c/lib/thumb/v6-m/nofp\libc-musl.a(__errno_location.o)
 .debug_abbrev  0x00003956      0x194 c:/program files/microchip/xc32/v4.10/bin/bin/../../lib/gcc/pic32c/8.3.1/../../../../pic32c/lib/thumb/v6-m/nofp\libc-musl.a(__fmt_a.o)
 .debug_abbrev  0x00003aea      0x120 c:/program files/microchip/xc32/v4.10/bin/bin/../../lib/gcc/pic32c/8.3.1/../../../../pic32c/lib/thumb/v6-m/nofp\libc-musl.a(__fmt_d.o)
 .debug_abbrev  0x00003c0a      0x1a2 c:/program files/microchip/xc32/v4.10/bin/bin/../../lib/gcc/pic32c/8.3.1/../../../../pic32c/lib/thumb/v6-m/nofp\libc-musl.a(__fmt_fp.o)
 .debug_abbrev  0x00003dac      0x120 c:/program files/microchip/xc32/v4.10/bin/bin/../../lib/gcc/pic32c/8.3.1/../../../../pic32c/lib/thumb/v6-m/nofp\libc-musl.a(__fmt_o.o)
 .debug_abbrev  0x00003ecc      0x11d c:/program files/microchip/xc32/v4.10/bin/bin/../../lib/gcc/pic32c/8.3.1/../../../../pic32c/lib/thumb/v6-m/nofp\libc-musl.a(__fmt_s.o)
 .debug_abbrev  0x00003fe9      0x174 c:/program files/microchip/xc32/v4.10/bin/bin/../../lib/gcc/pic32c/8.3.1/../../../../pic32c/lib/thumb/v6-m/nofp\libc-musl.a(__fmt_u.o)
 .debug_abbrev  0x0000415d      0x10f c:/program files/microchip/xc32/v4.10/bin/bin/../../lib/gcc/pic32c/8.3.1/../../../../pic32c/lib/thumb/v6-m/nofp\libc-musl.a(__fmt_x.o)
 .debug_abbrev  0x0000426c      0x14c c:/program files/microchip/xc32/v4.10/bin/bin/../../lib/gcc/pic32c/8.3.1/../../../../pic32c/lib/thumb/v6-m/nofp\libc-musl.a(__fwrite.o)
 .debug_abbrev  0x000043b8       0xbd c:/program files/microchip/xc32/v4.10/bin/bin/../../lib/gcc/pic32c/8.3.1/../../../../pic32c/lib/thumb/v6-m/nofp\libc-musl.a(__pop_float.o)
 .debug_abbrev  0x00004475       0xbd c:/program files/microchip/xc32/v4.10/bin/bin/../../lib/gcc/pic32c/8.3.1/../../../../pic32c/lib/thumb/v6-m/nofp\libc-musl.a(__pop_int.o)
 .debug_abbrev  0x00004532       0xbd c:/program files/microchip/xc32/v4.10/bin/bin/../../lib/gcc/pic32c/8.3.1/../../../../pic32c/lib/thumb/v6-m/nofp\libc-musl.a(__pop_ptr.o)
 .debug_abbrev  0x000045ef       0x8e c:/program files/microchip/xc32/v4.10/bin/bin/../../lib/gcc/pic32c/8.3.1/../../../../pic32c/lib/thumb/v6-m/nofp\libc-musl.a(strcpy.o)
 .debug_abbrev  0x0000467d       0xe9 c:/program files/microchip/xc32/v4.10/bin/bin/../../lib/gcc/pic32c/8.3.1/../../../../pic32c/lib/thumb/v6-m/nofp\libc-musl.a(toupper.o)
 .debug_abbrev  0x00004766       0x63 c:/program files/microchip/xc32/v4.10/bin/bin/../../lib/gcc/pic32c/8.3.1/../../../../pic32c/lib/thumb/v6-m/nofp\libc-musl.a(stpcpy.o)
 .debug_abbrev  0x000047c9       0x14 c:/program files/microchip/xc32/v4.10/bin/bin/../../lib/gcc/pic32c/8.3.1/thumb/v6-m/nofp\libgcc.a(_divsi3.o)
 .debug_abbrev  0x000047dd       0x14 c:/program files/microchip/xc32/v4.10/bin/bin/../../lib/gcc/pic32c/8.3.1/thumb/v6-m/nofp\libgcc.a(_dvmd_tls.o)
 .debug_abbrev  0x000047f1       0x14 c:/program files/microchip/xc32/v4.10/bin/bin/../../lib/gcc/pic32c/8.3.1/thumb/v6-m/nofp\libgcc.a(_lshrdi3.o)
 .debug_abbrev  0x00004805       0x14 c:/program files/microchip/xc32/v4.10/bin/bin/../../lib/gcc/pic32c/8.3.1/thumb/v6-m/nofp\libgcc.a(_ashldi3.o)
 .debug_abbrev  0x00004819       0x14 c:/program files/microchip/xc32/v4.10/bin/bin/../../lib/gcc/pic32c/8.3.1/thumb/v6-m/nofp\libgcc.a(_aeabi_uldivmod.o)
 .debug_abbrev  0x0000482d       0x8e c:/program files/microchip/xc32/v4.10/bin/bin/../../lib/gcc/pic32c/8.3.1/thumb/v6-m/nofp\libgcc.a(_udivmoddi4.o)
 .debug_abbrev  0x000048bb       0x14 c:/program files/microchip/xc32/v4.10/bin/bin/../../lib/gcc/pic32c/8.3.1/thumb/v6-m/nofp\libgcc.a(_clzdi2.o)
 .debug_abbrev  0x000048cf       0x14 c:/program files/microchip/xc32/v4.10/bin/bin/../../lib/gcc/pic32c/8.3.1/thumb/v6-m/nofp\libgcc.a(_clzsi2.o)
 .debug_abbrev  0x000048e3       0x2e c:/program files/microchip/xc32/v4.10/bin/bin/../../lib/gcc/pic32c/8.3.1/../../../../pic32c/lib/thumb/v6-m/nofp\libpic32c.a(close.o)
 .debug_abbrev  0x00004911       0x2e c:/program files/microchip/xc32/v4.10/bin/bin/../../lib/gcc/pic32c/8.3.1/../../../../pic32c/lib/thumb/v6-m/nofp\libpic32c.a(lseek.o)
 .debug_abbrev  0x0000493f       0x2e c:/program files/microchip/xc32/v4.10/bin/bin/../../lib/gcc/pic32c/8.3.1/../../../../pic32c/lib/thumb/v6-m/nofp\libpic32c.a(read.o)
 .debug_abbrev  0x0000496d       0x2e c:/program files/microchip/xc32/v4.10/bin/bin/../../lib/gcc/pic32c/8.3.1/../../../../pic32c/lib/thumb/v6-m/nofp\libpic32c.a(sbrk.o)
 .debug_abbrev  0x0000499b       0x2e c:/program files/microchip/xc32/v4.10/bin/bin/../../lib/gcc/pic32c/8.3.1/../../../../pic32c/lib/thumb/v6-m/nofp\libpic32c.a(write.o)

.debug_loc      0x00000000     0x9b07
 .debug_loc     0x00000000       0x8e build/default/production/_ext/1984496892/plib_clock.o
 .debug_loc     0x0000008e       0xb2 build/default/production/_ext/1865468468/plib_nvic.o
 .debug_loc     0x00000140      0x2f9 build/default/production/_ext/1593096446/plib_nvmctrl.o
 .debug_loc     0x00000439      0x246 build/default/production/_ext/1865521619/plib_port.o
 .debug_loc     0x0000067f      0xa4a build/default/production/_ext/508257091/plib_sercom2_i2c_master.o
 .debug_loc     0x000010c9      0x4e6 build/default/production/_ext/504274921/plib_sercom3_usart.o
 .debug_loc     0x000015af       0x5f build/default/production/_ext/829342655/plib_tc3.o
 .debug_loc     0x0000160e       0xbc build/default/production/_ext/163028504/xc32_monitor.o
 .debug_loc     0x000016ca       0x45 build/default/production/_ext/1171490990/initialization.o
 .debug_loc     0x0000170f       0x20 build/default/production/_ext/1171490990/startup_xc32.o
 .debug_loc     0x0000172f      0xbbb build/default/production/_ext/1360937237/main.o
 .debug_loc     0x000022ea     0x2007 build/default/production/_ext/1360937237/NHD-2.23-12832UCxx.o
 .debug_loc     0x000042f1       0x14 c:/program files/microchip/xc32/v4.10/bin/bin/../../lib/gcc/pic32c/8.3.1/../../../../pic32c/lib/thumb/v6-m/nofp\libpic32c.a(data_init.o)
 .debug_loc     0x00004305       0x5e c:/program files/microchip/xc32/v4.10/bin/bin/../../lib/gcc/pic32c/8.3.1/../../../../pic32c/lib/thumb/v6-m/nofp\libc-musl.a(__libc_start_main.o)
 .debug_loc     0x00004363       0x45 c:/program files/microchip/xc32/v4.10/bin/bin/../../lib/gcc/pic32c/8.3.1/../../../../pic32c/lib/thumb/v6-m/nofp\libc-musl.a(stdin.o)
 .debug_loc     0x000043a8       0x40 c:/program files/microchip/xc32/v4.10/bin/bin/../../lib/gcc/pic32c/8.3.1/../../../../pic32c/lib/thumb/v6-m/nofp\libc-musl.a(stdout.o)
 .debug_loc     0x000043e8       0x41 c:/program files/microchip/xc32/v4.10/bin/bin/../../lib/gcc/pic32c/8.3.1/../../../../pic32c/lib/thumb/v6-m/nofp\libc-musl.a(printf.o)
 .debug_loc     0x00004429       0x6a c:/program files/microchip/xc32/v4.10/bin/bin/../../lib/gcc/pic32c/8.3.1/../../../../pic32c/lib/thumb/v6-m/nofp\libc-musl.a(setbuf.o)
 .debug_loc     0x00004493      0x109 c:/program files/microchip/xc32/v4.10/bin/bin/../../lib/gcc/pic32c/8.3.1/../../../../pic32c/lib/thumb/v6-m/nofp\libc-musl.a(memcpy.o)
 .debug_loc     0x0000459c       0x54 c:/program files/microchip/xc32/v4.10/bin/bin/../../lib/gcc/pic32c/8.3.1/../../../../pic32c/lib/thumb/v6-m/nofp\libc-musl.a(strlen.o)
 .debug_loc     0x000045f0      0x107 c:/program files/microchip/xc32/v4.10/bin/bin/../../lib/gcc/pic32c/8.3.1/../../../../pic32c/lib/thumb/v6-m/nofp\libc-musl.a(__stdio_read.o)
 .debug_loc     0x000046f7       0x42 c:/program files/microchip/xc32/v4.10/bin/bin/../../lib/gcc/pic32c/8.3.1/../../../../pic32c/lib/thumb/v6-m/nofp\libc-musl.a(__towrite_rw.o)
 .debug_loc     0x00004739      0x115 c:/program files/microchip/xc32/v4.10/bin/bin/../../lib/gcc/pic32c/8.3.1/../../../../pic32c/lib/thumb/v6-m/nofp\libc-musl.a(setvbuf.o)
 .debug_loc     0x0000484e       0xd0 c:/program files/microchip/xc32/v4.10/bin/bin/../../lib/gcc/pic32c/8.3.1/../../../../pic32c/lib/thumb/v6-m/nofp\libc-musl.a(vfprintf.o)
 .debug_loc     0x0000491e      0x130 c:/program files/microchip/xc32/v4.10/bin/bin/../../lib/gcc/pic32c/8.3.1/../../../../pic32c/lib/thumb/v6-m/nofp\libc-musl.a(readv.o)
 .debug_loc     0x00004a4e      0xd29 c:/program files/microchip/xc32/v4.10/bin/bin/../../lib/gcc/pic32c/8.3.1/../../../../pic32c/lib/thumb/v6-m/nofp\libc-musl.a(malloc.o)
 .debug_loc     0x00005777       0x7c c:/program files/microchip/xc32/v4.10/bin/bin/../../lib/gcc/pic32c/8.3.1/../../../../pic32c/lib/thumb/v6-m/nofp\libc-musl.a(expand_heap.o)
 .debug_loc     0x000057f3       0x20 c:/program files/microchip/xc32/v4.10/bin/bin/../../lib/gcc/pic32c/8.3.1/../../../../pic32c/lib/thumb/v6-m/nofp\libc-musl.a(__init_stdio.o)
 .debug_loc     0x00005813      0x1e6 c:/program files/microchip/xc32/v4.10/bin/bin/../../lib/gcc/pic32c/8.3.1/../../../../pic32c/lib/thumb/v6-m/nofp\libc-musl.a(__out.o)
 .debug_loc     0x000059f9      0x6c7 c:/program files/microchip/xc32/v4.10/bin/bin/../../lib/gcc/pic32c/8.3.1/../../../../pic32c/lib/thumb/v6-m/nofp\libc-musl.a(__printf_core.o)
 .debug_loc     0x000060c0       0x45 c:/program files/microchip/xc32/v4.10/bin/bin/../../lib/gcc/pic32c/8.3.1/../../../../pic32c/lib/thumb/v6-m/nofp\libc-musl.a(__stderr.o)
 .debug_loc     0x00006105      0x1d8 c:/program files/microchip/xc32/v4.10/bin/bin/../../lib/gcc/pic32c/8.3.1/../../../../pic32c/lib/thumb/v6-m/nofp\libc-musl.a(__stdio_close.o)
 .debug_loc     0x000062dd      0x364 c:/program files/microchip/xc32/v4.10/bin/bin/../../lib/gcc/pic32c/8.3.1/../../../../pic32c/lib/thumb/v6-m/nofp\libc-musl.a(__stdio_write.o)
 .debug_loc     0x00006641       0x45 c:/program files/microchip/xc32/v4.10/bin/bin/../../lib/gcc/pic32c/8.3.1/../../../../pic32c/lib/thumb/v6-m/nofp\libc-musl.a(__stdout.o)
 .debug_loc     0x00006686       0x8c c:/program files/microchip/xc32/v4.10/bin/bin/../../lib/gcc/pic32c/8.3.1/../../../../pic32c/lib/thumb/v6-m/nofp\libc-musl.a(__towrite.o)
 .debug_loc     0x00006712       0xdc c:/program files/microchip/xc32/v4.10/bin/bin/../../lib/gcc/pic32c/8.3.1/../../../../pic32c/lib/thumb/v6-m/nofp\libc-musl.a(atoi.o)
 .debug_loc     0x000067ee       0x80 c:/program files/microchip/xc32/v4.10/bin/bin/../../lib/gcc/pic32c/8.3.1/../../../../pic32c/lib/thumb/v6-m/nofp\libc-musl.a(memset.o)
 .debug_loc     0x0000686e      0x130 c:/program files/microchip/xc32/v4.10/bin/bin/../../lib/gcc/pic32c/8.3.1/../../../../pic32c/lib/thumb/v6-m/nofp\libc-musl.a(writev.o)
 .debug_loc     0x0000699e       0x8f c:/program files/microchip/xc32/v4.10/bin/bin/../../lib/gcc/pic32c/8.3.1/../../../../pic32c/lib/thumb/v6-m/nofp\libc-musl.a(tolower.o)
 .debug_loc     0x00006a2d      0xd41 c:/program files/microchip/xc32/v4.10/bin/bin/../../lib/gcc/pic32c/8.3.1/../../../../pic32c/lib/thumb/v6-m/nofp\libc-musl.a(__fmt_a.o)
 .debug_loc     0x0000776e      0x2a6 c:/program files/microchip/xc32/v4.10/bin/bin/../../lib/gcc/pic32c/8.3.1/../../../../pic32c/lib/thumb/v6-m/nofp\libc-musl.a(__fmt_d.o)
 .debug_loc     0x00007a14      0xd09 c:/program files/microchip/xc32/v4.10/bin/bin/../../lib/gcc/pic32c/8.3.1/../../../../pic32c/lib/thumb/v6-m/nofp\libc-musl.a(__fmt_fp.o)
 .debug_loc     0x0000871d      0x12d c:/program files/microchip/xc32/v4.10/bin/bin/../../lib/gcc/pic32c/8.3.1/../../../../pic32c/lib/thumb/v6-m/nofp\libc-musl.a(__fmt_o.o)
 .debug_loc     0x0000884a      0x144 c:/program files/microchip/xc32/v4.10/bin/bin/../../lib/gcc/pic32c/8.3.1/../../../../pic32c/lib/thumb/v6-m/nofp\libc-musl.a(__fmt_s.o)
 .debug_loc     0x0000898e      0x2e3 c:/program files/microchip/xc32/v4.10/bin/bin/../../lib/gcc/pic32c/8.3.1/../../../../pic32c/lib/thumb/v6-m/nofp\libc-musl.a(__fmt_u.o)
 .debug_loc     0x00008c71      0x391 c:/program files/microchip/xc32/v4.10/bin/bin/../../lib/gcc/pic32c/8.3.1/../../../../pic32c/lib/thumb/v6-m/nofp\libc-musl.a(__fmt_x.o)
 .debug_loc     0x00009002      0x175 c:/program files/microchip/xc32/v4.10/bin/bin/../../lib/gcc/pic32c/8.3.1/../../../../pic32c/lib/thumb/v6-m/nofp\libc-musl.a(__fwrite.o)
 .debug_loc     0x00009177       0x6f c:/program files/microchip/xc32/v4.10/bin/bin/../../lib/gcc/pic32c/8.3.1/../../../../pic32c/lib/thumb/v6-m/nofp\libc-musl.a(__pop_float.o)
 .debug_loc     0x000091e6      0x281 c:/program files/microchip/xc32/v4.10/bin/bin/../../lib/gcc/pic32c/8.3.1/../../../../pic32c/lib/thumb/v6-m/nofp\libc-musl.a(__pop_int.o)
 .debug_loc     0x00009467      0x1fe c:/program files/microchip/xc32/v4.10/bin/bin/../../lib/gcc/pic32c/8.3.1/../../../../pic32c/lib/thumb/v6-m/nofp\libc-musl.a(__pop_ptr.o)
 .debug_loc     0x00009665       0x74 c:/program files/microchip/xc32/v4.10/bin/bin/../../lib/gcc/pic32c/8.3.1/../../../../pic32c/lib/thumb/v6-m/nofp\libc-musl.a(strcpy.o)
 .debug_loc     0x000096d9       0x8f c:/program files/microchip/xc32/v4.10/bin/bin/../../lib/gcc/pic32c/8.3.1/../../../../pic32c/lib/thumb/v6-m/nofp\libc-musl.a(toupper.o)
 .debug_loc     0x00009768       0x90 c:/program files/microchip/xc32/v4.10/bin/bin/../../lib/gcc/pic32c/8.3.1/../../../../pic32c/lib/thumb/v6-m/nofp\libc-musl.a(stpcpy.o)
 .debug_loc     0x000097f8      0x2e7 c:/program files/microchip/xc32/v4.10/bin/bin/../../lib/gcc/pic32c/8.3.1/thumb/v6-m/nofp\libgcc.a(_udivmoddi4.o)
 .debug_loc     0x00009adf       0x14 c:/program files/microchip/xc32/v4.10/bin/bin/../../lib/gcc/pic32c/8.3.1/../../../../pic32c/lib/thumb/v6-m/nofp\libpic32c.a(read.o)
 .debug_loc     0x00009af3       0x14 c:/program files/microchip/xc32/v4.10/bin/bin/../../lib/gcc/pic32c/8.3.1/../../../../pic32c/lib/thumb/v6-m/nofp\libpic32c.a(write.o)

.debug_aranges  0x00000000      0xca0
 .debug_aranges
                0x00000000       0x20 build/default/production/_ext/1984496892/plib_clock.o
 .debug_aranges
                0x00000020       0x20 build/default/production/_ext/60167341/plib_eic.o
 .debug_aranges
                0x00000040       0x20 build/default/production/_ext/1986646378/plib_evsys.o
 .debug_aranges
                0x00000060       0x38 build/default/production/_ext/1865468468/plib_nvic.o
 .debug_aranges
                0x00000098       0x70 build/default/production/_ext/1593096446/plib_nvmctrl.o
 .debug_aranges
                0x00000108       0x70 build/default/production/_ext/1865521619/plib_port.o
 .debug_aranges
                0x00000178       0x68 build/default/production/_ext/508257091/plib_sercom2_i2c_master.o
 .debug_aranges
                0x000001e0       0x98 build/default/production/_ext/504274921/plib_sercom3_usart.o
 .debug_aranges
                0x00000278       0x70 build/default/production/_ext/829342655/plib_tc3.o
 .debug_aranges
                0x000002e8       0x28 build/default/production/_ext/163028504/xc32_monitor.o
 .debug_aranges
                0x00000310       0x20 build/default/production/_ext/1171490990/initialization.o
 .debug_aranges
                0x00000330       0x20 build/default/production/_ext/1171490990/interrupts.o
 .debug_aranges
                0x00000350       0x28 build/default/production/_ext/1171490990/exceptions.o
 .debug_aranges
                0x00000378       0x28 build/default/production/_ext/1171490990/startup_xc32.o
 .debug_aranges
                0x000003a0       0x30 build/default/production/_ext/1360937237/main.o
 .debug_aranges
                0x000003d0       0xb0 build/default/production/_ext/1360937237/NHD-2.23-12832UCxx.o
 .debug_aranges
                0x00000480       0x20 c:/program files/microchip/xc32/v4.10/bin/bin/../../lib/gcc/pic32c/8.3.1/../../../../pic32c/lib/thumb/v6-m/nofp\libpic32c.a(data_init.o)
 .debug_aranges
                0x000004a0       0x28 c:/program files/microchip/xc32/v4.10/bin/bin/../../lib/gcc/pic32c/8.3.1/../../../../pic32c/lib/thumb/v6-m/nofp\libc-musl.a(__libc_start_main.o)
 .debug_aranges
                0x000004c8       0x18 c:/program files/microchip/xc32/v4.10/bin/bin/../../lib/gcc/pic32c/8.3.1/../../../../pic32c/lib/thumb/v6-m/nofp\libc-musl.a(libc.o)
 .debug_aranges
                0x000004e0       0x28 c:/program files/microchip/xc32/v4.10/bin/bin/../../lib/gcc/pic32c/8.3.1/../../../../pic32c/lib/thumb/v6-m/nofp\libc-musl.a(stdin.o)
 .debug_aranges
                0x00000508       0x30 c:/program files/microchip/xc32/v4.10/bin/bin/../../lib/gcc/pic32c/8.3.1/../../../../pic32c/lib/thumb/v6-m/nofp\libc-musl.a(stdout.o)
 .debug_aranges
                0x00000538       0x20 c:/program files/microchip/xc32/v4.10/bin/bin/../../lib/gcc/pic32c/8.3.1/../../../../pic32c/lib/thumb/v6-m/nofp\libc-musl.a(printf.o)
 .debug_aranges
                0x00000558       0x20 c:/program files/microchip/xc32/v4.10/bin/bin/../../lib/gcc/pic32c/8.3.1/../../../../pic32c/lib/thumb/v6-m/nofp\libc-musl.a(setbuf.o)
 .debug_aranges
                0x00000578       0x20 c:/program files/microchip/xc32/v4.10/bin/bin/../../lib/gcc/pic32c/8.3.1/../../../../pic32c/lib/thumb/v6-m/nofp\libc-musl.a(memcpy.o)
 .debug_aranges
                0x00000598       0x20 c:/program files/microchip/xc32/v4.10/bin/bin/../../lib/gcc/pic32c/8.3.1/../../../../pic32c/lib/thumb/v6-m/nofp\libc-musl.a(strlen.o)
 .debug_aranges
                0x000005b8       0x18 c:/program files/microchip/xc32/v4.10/bin/bin/../../lib/gcc/pic32c/8.3.1/../../../../pic32c/lib/thumb/v6-m/nofp\libc-musl.a(__environ.o)
 .debug_aranges
                0x000005d0       0x20 c:/program files/microchip/xc32/v4.10/bin/bin/../../lib/gcc/pic32c/8.3.1/../../../../pic32c/lib/thumb/v6-m/nofp\libc-musl.a(__stdio_read.o)
 .debug_aranges
                0x000005f0       0x20 c:/program files/microchip/xc32/v4.10/bin/bin/../../lib/gcc/pic32c/8.3.1/../../../../pic32c/lib/thumb/v6-m/nofp\libc-musl.a(__towrite_rw.o)
 .debug_aranges
                0x00000610       0x28 c:/program files/microchip/xc32/v4.10/bin/bin/../../lib/gcc/pic32c/8.3.1/../../../../pic32c/lib/thumb/v6-m/nofp\libc-musl.a(setvbuf.o)
 .debug_aranges
                0x00000638       0x28 c:/program files/microchip/xc32/v4.10/bin/bin/../../lib/gcc/pic32c/8.3.1/../../../../pic32c/lib/thumb/v6-m/nofp\libc-musl.a(vfprintf.o)
 .debug_aranges
                0x00000660       0x20 c:/program files/microchip/xc32/v4.10/bin/bin/../../lib/gcc/pic32c/8.3.1/../../../../pic32c/lib/thumb/v6-m/nofp\libc-musl.a(readv.o)
 .debug_aranges
                0x00000680       0x70 c:/program files/microchip/xc32/v4.10/bin/bin/../../lib/gcc/pic32c/8.3.1/../../../../pic32c/lib/thumb/v6-m/nofp\libc-musl.a(malloc.o)
 .debug_aranges
                0x000006f0       0x20 c:/program files/microchip/xc32/v4.10/bin/bin/../../lib/gcc/pic32c/8.3.1/../../../../pic32c/lib/thumb/v6-m/nofp\libc-musl.a(expand_heap.o)
 .debug_aranges
                0x00000710       0x28 c:/program files/microchip/xc32/v4.10/bin/bin/../../lib/gcc/pic32c/8.3.1/../../../../pic32c/lib/thumb/v6-m/nofp\libc-musl.a(__init_stdio.o)
 .debug_aranges
                0x00000738       0x28 c:/program files/microchip/xc32/v4.10/bin/bin/../../lib/gcc/pic32c/8.3.1/../../../../pic32c/lib/thumb/v6-m/nofp\libc-musl.a(__out.o)
 .debug_aranges
                0x00000760       0x50 c:/program files/microchip/xc32/v4.10/bin/bin/../../lib/gcc/pic32c/8.3.1/../../../../pic32c/lib/thumb/v6-m/nofp\libc-musl.a(__printf_core.o)
 .debug_aranges
                0x000007b0       0x30 c:/program files/microchip/xc32/v4.10/bin/bin/../../lib/gcc/pic32c/8.3.1/../../../../pic32c/lib/thumb/v6-m/nofp\libc-musl.a(__stderr.o)
 .debug_aranges
                0x000007e0       0x28 c:/program files/microchip/xc32/v4.10/bin/bin/../../lib/gcc/pic32c/8.3.1/../../../../pic32c/lib/thumb/v6-m/nofp\libc-musl.a(__stdio_close.o)
 .debug_aranges
                0x00000808       0x28 c:/program files/microchip/xc32/v4.10/bin/bin/../../lib/gcc/pic32c/8.3.1/../../../../pic32c/lib/thumb/v6-m/nofp\libc-musl.a(__stdio_write.o)
 .debug_aranges
                0x00000830       0x30 c:/program files/microchip/xc32/v4.10/bin/bin/../../lib/gcc/pic32c/8.3.1/../../../../pic32c/lib/thumb/v6-m/nofp\libc-musl.a(__stdout.o)
 .debug_aranges
                0x00000860       0x28 c:/program files/microchip/xc32/v4.10/bin/bin/../../lib/gcc/pic32c/8.3.1/../../../../pic32c/lib/thumb/v6-m/nofp\libc-musl.a(__towrite.o)
 .debug_aranges
                0x00000888       0x20 c:/program files/microchip/xc32/v4.10/bin/bin/../../lib/gcc/pic32c/8.3.1/../../../../pic32c/lib/thumb/v6-m/nofp\libc-musl.a(atoi.o)
 .debug_aranges
                0x000008a8       0x20 c:/program files/microchip/xc32/v4.10/bin/bin/../../lib/gcc/pic32c/8.3.1/../../../../pic32c/lib/thumb/v6-m/nofp\libc-musl.a(memset.o)
 .debug_aranges
                0x000008c8       0x20 c:/program files/microchip/xc32/v4.10/bin/bin/../../lib/gcc/pic32c/8.3.1/../../../../pic32c/lib/thumb/v6-m/nofp\libc-musl.a(writev.o)
 .debug_aranges
                0x000008e8       0x28 c:/program files/microchip/xc32/v4.10/bin/bin/../../lib/gcc/pic32c/8.3.1/../../../../pic32c/lib/thumb/v6-m/nofp\libc-musl.a(tolower.o)
 .debug_aranges
                0x00000910       0x18 c:/program files/microchip/xc32/v4.10/bin/bin/../../lib/gcc/pic32c/8.3.1/../../../../pic32c/lib/thumb/v6-m/nofp\libc-musl.a(__errno_location.o)
 .debug_aranges
                0x00000928       0x20 c:/program files/microchip/xc32/v4.10/bin/bin/../../lib/gcc/pic32c/8.3.1/../../../../pic32c/lib/thumb/v6-m/nofp\libc-musl.a(__fmt_a.o)
 .debug_aranges
                0x00000948       0x20 c:/program files/microchip/xc32/v4.10/bin/bin/../../lib/gcc/pic32c/8.3.1/../../../../pic32c/lib/thumb/v6-m/nofp\libc-musl.a(__fmt_d.o)
 .debug_aranges
                0x00000968       0x20 c:/program files/microchip/xc32/v4.10/bin/bin/../../lib/gcc/pic32c/8.3.1/../../../../pic32c/lib/thumb/v6-m/nofp\libc-musl.a(__fmt_fp.o)
 .debug_aranges
                0x00000988       0x20 c:/program files/microchip/xc32/v4.10/bin/bin/../../lib/gcc/pic32c/8.3.1/../../../../pic32c/lib/thumb/v6-m/nofp\libc-musl.a(__fmt_o.o)
 .debug_aranges
                0x000009a8       0x20 c:/program files/microchip/xc32/v4.10/bin/bin/../../lib/gcc/pic32c/8.3.1/../../../../pic32c/lib/thumb/v6-m/nofp\libc-musl.a(__fmt_s.o)
 .debug_aranges
                0x000009c8       0x28 c:/program files/microchip/xc32/v4.10/bin/bin/../../lib/gcc/pic32c/8.3.1/../../../../pic32c/lib/thumb/v6-m/nofp\libc-musl.a(__fmt_u.o)
 .debug_aranges
                0x000009f0       0x20 c:/program files/microchip/xc32/v4.10/bin/bin/../../lib/gcc/pic32c/8.3.1/../../../../pic32c/lib/thumb/v6-m/nofp\libc-musl.a(__fmt_x.o)
 .debug_aranges
                0x00000a10       0x28 c:/program files/microchip/xc32/v4.10/bin/bin/../../lib/gcc/pic32c/8.3.1/../../../../pic32c/lib/thumb/v6-m/nofp\libc-musl.a(__fwrite.o)
 .debug_aranges
                0x00000a38       0x20 c:/program files/microchip/xc32/v4.10/bin/bin/../../lib/gcc/pic32c/8.3.1/../../../../pic32c/lib/thumb/v6-m/nofp\libc-musl.a(__pop_float.o)
 .debug_aranges
                0x00000a58       0x20 c:/program files/microchip/xc32/v4.10/bin/bin/../../lib/gcc/pic32c/8.3.1/../../../../pic32c/lib/thumb/v6-m/nofp\libc-musl.a(__pop_int.o)
 .debug_aranges
                0x00000a78       0x20 c:/program files/microchip/xc32/v4.10/bin/bin/../../lib/gcc/pic32c/8.3.1/../../../../pic32c/lib/thumb/v6-m/nofp\libc-musl.a(__pop_ptr.o)
 .debug_aranges
                0x00000a98       0x20 c:/program files/microchip/xc32/v4.10/bin/bin/../../lib/gcc/pic32c/8.3.1/../../../../pic32c/lib/thumb/v6-m/nofp\libc-musl.a(strcpy.o)
 .debug_aranges
                0x00000ab8       0x28 c:/program files/microchip/xc32/v4.10/bin/bin/../../lib/gcc/pic32c/8.3.1/../../../../pic32c/lib/thumb/v6-m/nofp\libc-musl.a(toupper.o)
 .debug_aranges
                0x00000ae0       0x20 c:/program files/microchip/xc32/v4.10/bin/bin/../../lib/gcc/pic32c/8.3.1/../../../../pic32c/lib/thumb/v6-m/nofp\libc-musl.a(stpcpy.o)
 .debug_aranges
                0x00000b00       0x20 c:/program files/microchip/xc32/v4.10/bin/bin/../../lib/gcc/pic32c/8.3.1/thumb/v6-m/nofp\libgcc.a(_divsi3.o)
 .debug_aranges
                0x00000b20       0x20 c:/program files/microchip/xc32/v4.10/bin/bin/../../lib/gcc/pic32c/8.3.1/thumb/v6-m/nofp\libgcc.a(_dvmd_tls.o)
 .debug_aranges
                0x00000b40       0x20 c:/program files/microchip/xc32/v4.10/bin/bin/../../lib/gcc/pic32c/8.3.1/thumb/v6-m/nofp\libgcc.a(_lshrdi3.o)
 .debug_aranges
                0x00000b60       0x20 c:/program files/microchip/xc32/v4.10/bin/bin/../../lib/gcc/pic32c/8.3.1/thumb/v6-m/nofp\libgcc.a(_ashldi3.o)
 .debug_aranges
                0x00000b80       0x20 c:/program files/microchip/xc32/v4.10/bin/bin/../../lib/gcc/pic32c/8.3.1/thumb/v6-m/nofp\libgcc.a(_aeabi_uldivmod.o)
 .debug_aranges
                0x00000ba0       0x20 c:/program files/microchip/xc32/v4.10/bin/bin/../../lib/gcc/pic32c/8.3.1/thumb/v6-m/nofp\libgcc.a(_udivmoddi4.o)
 .debug_aranges
                0x00000bc0       0x20 c:/program files/microchip/xc32/v4.10/bin/bin/../../lib/gcc/pic32c/8.3.1/thumb/v6-m/nofp\libgcc.a(_clzdi2.o)
 .debug_aranges
                0x00000be0       0x20 c:/program files/microchip/xc32/v4.10/bin/bin/../../lib/gcc/pic32c/8.3.1/thumb/v6-m/nofp\libgcc.a(_clzsi2.o)
 .debug_aranges
                0x00000c00       0x20 c:/program files/microchip/xc32/v4.10/bin/bin/../../lib/gcc/pic32c/8.3.1/../../../../pic32c/lib/thumb/v6-m/nofp\libpic32c.a(close.o)
 .debug_aranges
                0x00000c20       0x20 c:/program files/microchip/xc32/v4.10/bin/bin/../../lib/gcc/pic32c/8.3.1/../../../../pic32c/lib/thumb/v6-m/nofp\libpic32c.a(lseek.o)
 .debug_aranges
                0x00000c40       0x20 c:/program files/microchip/xc32/v4.10/bin/bin/../../lib/gcc/pic32c/8.3.1/../../../../pic32c/lib/thumb/v6-m/nofp\libpic32c.a(read.o)
 .debug_aranges
                0x00000c60       0x20 c:/program files/microchip/xc32/v4.10/bin/bin/../../lib/gcc/pic32c/8.3.1/../../../../pic32c/lib/thumb/v6-m/nofp\libpic32c.a(sbrk.o)
 .debug_aranges
                0x00000c80       0x20 c:/program files/microchip/xc32/v4.10/bin/bin/../../lib/gcc/pic32c/8.3.1/../../../../pic32c/lib/thumb/v6-m/nofp\libpic32c.a(write.o)

.debug_ranges   0x00000000      0x9a0
 .debug_ranges  0x00000000       0x28 build/default/production/_ext/1984496892/plib_clock.o
 .debug_ranges  0x00000028       0x10 build/default/production/_ext/60167341/plib_eic.o
 .debug_ranges  0x00000038       0x10 build/default/production/_ext/1986646378/plib_evsys.o
 .debug_ranges  0x00000048       0x28 build/default/production/_ext/1865468468/plib_nvic.o
 .debug_ranges  0x00000070       0x60 build/default/production/_ext/1593096446/plib_nvmctrl.o
 .debug_ranges  0x000000d0       0x60 build/default/production/_ext/1865521619/plib_port.o
 .debug_ranges  0x00000130       0xb8 build/default/production/_ext/508257091/plib_sercom2_i2c_master.o
 .debug_ranges  0x000001e8       0x88 build/default/production/_ext/504274921/plib_sercom3_usart.o
 .debug_ranges  0x00000270       0x60 build/default/production/_ext/829342655/plib_tc3.o
 .debug_ranges  0x000002d0       0x18 build/default/production/_ext/163028504/xc32_monitor.o
 .debug_ranges  0x000002e8       0x10 build/default/production/_ext/1171490990/initialization.o
 .debug_ranges  0x000002f8       0x10 build/default/production/_ext/1171490990/interrupts.o
 .debug_ranges  0x00000308       0x18 build/default/production/_ext/1171490990/exceptions.o
 .debug_ranges  0x00000320       0x18 build/default/production/_ext/1171490990/startup_xc32.o
 .debug_ranges  0x00000338       0x20 build/default/production/_ext/1360937237/main.o
 .debug_ranges  0x00000358       0xb8 build/default/production/_ext/1360937237/NHD-2.23-12832UCxx.o
 .debug_ranges  0x00000410       0x10 c:/program files/microchip/xc32/v4.10/bin/bin/../../lib/gcc/pic32c/8.3.1/../../../../pic32c/lib/thumb/v6-m/nofp\libpic32c.a(data_init.o)
 .debug_ranges  0x00000420       0x30 c:/program files/microchip/xc32/v4.10/bin/bin/../../lib/gcc/pic32c/8.3.1/../../../../pic32c/lib/thumb/v6-m/nofp\libc-musl.a(__libc_start_main.o)
 .debug_ranges  0x00000450       0x18 c:/program files/microchip/xc32/v4.10/bin/bin/../../lib/gcc/pic32c/8.3.1/../../../../pic32c/lib/thumb/v6-m/nofp\libc-musl.a(stdin.o)
 .debug_ranges  0x00000468       0x20 c:/program files/microchip/xc32/v4.10/bin/bin/../../lib/gcc/pic32c/8.3.1/../../../../pic32c/lib/thumb/v6-m/nofp\libc-musl.a(stdout.o)
 .debug_ranges  0x00000488       0x10 c:/program files/microchip/xc32/v4.10/bin/bin/../../lib/gcc/pic32c/8.3.1/../../../../pic32c/lib/thumb/v6-m/nofp\libc-musl.a(printf.o)
 .debug_ranges  0x00000498       0x10 c:/program files/microchip/xc32/v4.10/bin/bin/../../lib/gcc/pic32c/8.3.1/../../../../pic32c/lib/thumb/v6-m/nofp\libc-musl.a(setbuf.o)
 .debug_ranges  0x000004a8       0x10 c:/program files/microchip/xc32/v4.10/bin/bin/../../lib/gcc/pic32c/8.3.1/../../../../pic32c/lib/thumb/v6-m/nofp\libc-musl.a(memcpy.o)
 .debug_ranges  0x000004b8       0x10 c:/program files/microchip/xc32/v4.10/bin/bin/../../lib/gcc/pic32c/8.3.1/../../../../pic32c/lib/thumb/v6-m/nofp\libc-musl.a(strlen.o)
 .debug_ranges  0x000004c8       0x10 c:/program files/microchip/xc32/v4.10/bin/bin/../../lib/gcc/pic32c/8.3.1/../../../../pic32c/lib/thumb/v6-m/nofp\libc-musl.a(__stdio_read.o)
 .debug_ranges  0x000004d8       0x10 c:/program files/microchip/xc32/v4.10/bin/bin/../../lib/gcc/pic32c/8.3.1/../../../../pic32c/lib/thumb/v6-m/nofp\libc-musl.a(__towrite_rw.o)
 .debug_ranges  0x000004e8       0x18 c:/program files/microchip/xc32/v4.10/bin/bin/../../lib/gcc/pic32c/8.3.1/../../../../pic32c/lib/thumb/v6-m/nofp\libc-musl.a(setvbuf.o)
 .debug_ranges  0x00000500       0x18 c:/program files/microchip/xc32/v4.10/bin/bin/../../lib/gcc/pic32c/8.3.1/../../../../pic32c/lib/thumb/v6-m/nofp\libc-musl.a(vfprintf.o)
 .debug_ranges  0x00000518       0x10 c:/program files/microchip/xc32/v4.10/bin/bin/../../lib/gcc/pic32c/8.3.1/../../../../pic32c/lib/thumb/v6-m/nofp\libc-musl.a(readv.o)
 .debug_ranges  0x00000528      0x1b0 c:/program files/microchip/xc32/v4.10/bin/bin/../../lib/gcc/pic32c/8.3.1/../../../../pic32c/lib/thumb/v6-m/nofp\libc-musl.a(malloc.o)
 .debug_ranges  0x000006d8       0x10 c:/program files/microchip/xc32/v4.10/bin/bin/../../lib/gcc/pic32c/8.3.1/../../../../pic32c/lib/thumb/v6-m/nofp\libc-musl.a(expand_heap.o)
 .debug_ranges  0x000006e8       0x18 c:/program files/microchip/xc32/v4.10/bin/bin/../../lib/gcc/pic32c/8.3.1/../../../../pic32c/lib/thumb/v6-m/nofp\libc-musl.a(__init_stdio.o)
 .debug_ranges  0x00000700       0x18 c:/program files/microchip/xc32/v4.10/bin/bin/../../lib/gcc/pic32c/8.3.1/../../../../pic32c/lib/thumb/v6-m/nofp\libc-musl.a(__out.o)
 .debug_ranges  0x00000718       0x58 c:/program files/microchip/xc32/v4.10/bin/bin/../../lib/gcc/pic32c/8.3.1/../../../../pic32c/lib/thumb/v6-m/nofp\libc-musl.a(__printf_core.o)
 .debug_ranges  0x00000770       0x20 c:/program files/microchip/xc32/v4.10/bin/bin/../../lib/gcc/pic32c/8.3.1/../../../../pic32c/lib/thumb/v6-m/nofp\libc-musl.a(__stderr.o)
 .debug_ranges  0x00000790       0x18 c:/program files/microchip/xc32/v4.10/bin/bin/../../lib/gcc/pic32c/8.3.1/../../../../pic32c/lib/thumb/v6-m/nofp\libc-musl.a(__stdio_close.o)
 .debug_ranges  0x000007a8       0x30 c:/program files/microchip/xc32/v4.10/bin/bin/../../lib/gcc/pic32c/8.3.1/../../../../pic32c/lib/thumb/v6-m/nofp\libc-musl.a(__stdio_write.o)
 .debug_ranges  0x000007d8       0x20 c:/program files/microchip/xc32/v4.10/bin/bin/../../lib/gcc/pic32c/8.3.1/../../../../pic32c/lib/thumb/v6-m/nofp\libc-musl.a(__stdout.o)
 .debug_ranges  0x000007f8       0x18 c:/program files/microchip/xc32/v4.10/bin/bin/../../lib/gcc/pic32c/8.3.1/../../../../pic32c/lib/thumb/v6-m/nofp\libc-musl.a(__towrite.o)
 .debug_ranges  0x00000810       0x10 c:/program files/microchip/xc32/v4.10/bin/bin/../../lib/gcc/pic32c/8.3.1/../../../../pic32c/lib/thumb/v6-m/nofp\libc-musl.a(atoi.o)
 .debug_ranges  0x00000820       0x10 c:/program files/microchip/xc32/v4.10/bin/bin/../../lib/gcc/pic32c/8.3.1/../../../../pic32c/lib/thumb/v6-m/nofp\libc-musl.a(memset.o)
 .debug_ranges  0x00000830       0x10 c:/program files/microchip/xc32/v4.10/bin/bin/../../lib/gcc/pic32c/8.3.1/../../../../pic32c/lib/thumb/v6-m/nofp\libc-musl.a(writev.o)
 .debug_ranges  0x00000840       0x18 c:/program files/microchip/xc32/v4.10/bin/bin/../../lib/gcc/pic32c/8.3.1/../../../../pic32c/lib/thumb/v6-m/nofp\libc-musl.a(tolower.o)
 .debug_ranges  0x00000858       0x10 c:/program files/microchip/xc32/v4.10/bin/bin/../../lib/gcc/pic32c/8.3.1/../../../../pic32c/lib/thumb/v6-m/nofp\libc-musl.a(__fmt_a.o)
 .debug_ranges  0x00000868       0x10 c:/program files/microchip/xc32/v4.10/bin/bin/../../lib/gcc/pic32c/8.3.1/../../../../pic32c/lib/thumb/v6-m/nofp\libc-musl.a(__fmt_d.o)
 .debug_ranges  0x00000878       0x10 c:/program files/microchip/xc32/v4.10/bin/bin/../../lib/gcc/pic32c/8.3.1/../../../../pic32c/lib/thumb/v6-m/nofp\libc-musl.a(__fmt_fp.o)
 .debug_ranges  0x00000888       0x10 c:/program files/microchip/xc32/v4.10/bin/bin/../../lib/gcc/pic32c/8.3.1/../../../../pic32c/lib/thumb/v6-m/nofp\libc-musl.a(__fmt_o.o)
 .debug_ranges  0x00000898       0x10 c:/program files/microchip/xc32/v4.10/bin/bin/../../lib/gcc/pic32c/8.3.1/../../../../pic32c/lib/thumb/v6-m/nofp\libc-musl.a(__fmt_s.o)
 .debug_ranges  0x000008a8       0x18 c:/program files/microchip/xc32/v4.10/bin/bin/../../lib/gcc/pic32c/8.3.1/../../../../pic32c/lib/thumb/v6-m/nofp\libc-musl.a(__fmt_u.o)
 .debug_ranges  0x000008c0       0x10 c:/program files/microchip/xc32/v4.10/bin/bin/../../lib/gcc/pic32c/8.3.1/../../../../pic32c/lib/thumb/v6-m/nofp\libc-musl.a(__fmt_x.o)
 .debug_ranges  0x000008d0       0x18 c:/program files/microchip/xc32/v4.10/bin/bin/../../lib/gcc/pic32c/8.3.1/../../../../pic32c/lib/thumb/v6-m/nofp\libc-musl.a(__fwrite.o)
 .debug_ranges  0x000008e8       0x10 c:/program files/microchip/xc32/v4.10/bin/bin/../../lib/gcc/pic32c/8.3.1/../../../../pic32c/lib/thumb/v6-m/nofp\libc-musl.a(__pop_float.o)
 .debug_ranges  0x000008f8       0x10 c:/program files/microchip/xc32/v4.10/bin/bin/../../lib/gcc/pic32c/8.3.1/../../../../pic32c/lib/thumb/v6-m/nofp\libc-musl.a(__pop_int.o)
 .debug_ranges  0x00000908       0x10 c:/program files/microchip/xc32/v4.10/bin/bin/../../lib/gcc/pic32c/8.3.1/../../../../pic32c/lib/thumb/v6-m/nofp\libc-musl.a(__pop_ptr.o)
 .debug_ranges  0x00000918       0x10 c:/program files/microchip/xc32/v4.10/bin/bin/../../lib/gcc/pic32c/8.3.1/../../../../pic32c/lib/thumb/v6-m/nofp\libc-musl.a(strcpy.o)
 .debug_ranges  0x00000928       0x18 c:/program files/microchip/xc32/v4.10/bin/bin/../../lib/gcc/pic32c/8.3.1/../../../../pic32c/lib/thumb/v6-m/nofp\libc-musl.a(toupper.o)
 .debug_ranges  0x00000940       0x10 c:/program files/microchip/xc32/v4.10/bin/bin/../../lib/gcc/pic32c/8.3.1/../../../../pic32c/lib/thumb/v6-m/nofp\libc-musl.a(stpcpy.o)
 .debug_ranges  0x00000950       0x10 c:/program files/microchip/xc32/v4.10/bin/bin/../../lib/gcc/pic32c/8.3.1/../../../../pic32c/lib/thumb/v6-m/nofp\libpic32c.a(close.o)
 .debug_ranges  0x00000960       0x10 c:/program files/microchip/xc32/v4.10/bin/bin/../../lib/gcc/pic32c/8.3.1/../../../../pic32c/lib/thumb/v6-m/nofp\libpic32c.a(lseek.o)
 .debug_ranges  0x00000970       0x10 c:/program files/microchip/xc32/v4.10/bin/bin/../../lib/gcc/pic32c/8.3.1/../../../../pic32c/lib/thumb/v6-m/nofp\libpic32c.a(read.o)
 .debug_ranges  0x00000980       0x10 c:/program files/microchip/xc32/v4.10/bin/bin/../../lib/gcc/pic32c/8.3.1/../../../../pic32c/lib/thumb/v6-m/nofp\libpic32c.a(sbrk.o)
 .debug_ranges  0x00000990       0x10 c:/program files/microchip/xc32/v4.10/bin/bin/../../lib/gcc/pic32c/8.3.1/../../../../pic32c/lib/thumb/v6-m/nofp\libpic32c.a(write.o)

.debug_line     0x00000000     0xadda
 .debug_line    0x00000000      0x277 build/default/production/_ext/1984496892/plib_clock.o
 .debug_line    0x00000277      0x124 build/default/production/_ext/60167341/plib_eic.o
 .debug_line    0x0000039b       0x66 build/default/production/_ext/1986646378/plib_evsys.o
 .debug_line    0x00000401      0x2e0 build/default/production/_ext/1865468468/plib_nvic.o
 .debug_line    0x000006e1      0x2e9 build/default/production/_ext/1593096446/plib_nvmctrl.o
 .debug_line    0x000009ca      0x319 build/default/production/_ext/1865521619/plib_port.o
 .debug_line    0x00000ce3      0x72a build/default/production/_ext/508257091/plib_sercom2_i2c_master.o
 .debug_line    0x0000140d      0x5a2 build/default/production/_ext/504274921/plib_sercom3_usart.o
 .debug_line    0x000019af      0x30a build/default/production/_ext/829342655/plib_tc3.o
 .debug_line    0x00001cb9       0xe8 build/default/production/_ext/163028504/xc32_monitor.o
 .debug_line    0x00001da1      0x356 build/default/production/_ext/1171490990/initialization.o
 .debug_line    0x000020f7       0xba build/default/production/_ext/1171490990/interrupts.o
 .debug_line    0x000021b1       0x6e build/default/production/_ext/1171490990/exceptions.o
 .debug_line    0x0000221f      0x159 build/default/production/_ext/1171490990/startup_xc32.o
 .debug_line    0x00002378      0x975 build/default/production/_ext/1360937237/main.o
 .debug_line    0x00002ced     0x1536 build/default/production/_ext/1360937237/NHD-2.23-12832UCxx.o
 .debug_line    0x00004223      0x134 c:/program files/microchip/xc32/v4.10/bin/bin/../../lib/gcc/pic32c/8.3.1/../../../../pic32c/lib/thumb/v6-m/nofp\libpic32c.a(data_init.o)
 .debug_line    0x00004357      0x1d0 c:/program files/microchip/xc32/v4.10/bin/bin/../../lib/gcc/pic32c/8.3.1/../../../../pic32c/lib/thumb/v6-m/nofp\libc-musl.a(__libc_start_main.o)
 .debug_line    0x00004527       0xbf c:/program files/microchip/xc32/v4.10/bin/bin/../../lib/gcc/pic32c/8.3.1/../../../../pic32c/lib/thumb/v6-m/nofp\libc-musl.a(libc.o)
 .debug_line    0x000045e6      0x1ed c:/program files/microchip/xc32/v4.10/bin/bin/../../lib/gcc/pic32c/8.3.1/../../../../pic32c/lib/thumb/v6-m/nofp\libc-musl.a(stdin.o)
 .debug_line    0x000047d3      0x1a5 c:/program files/microchip/xc32/v4.10/bin/bin/../../lib/gcc/pic32c/8.3.1/../../../../pic32c/lib/thumb/v6-m/nofp\libc-musl.a(stdout.o)
 .debug_line    0x00004978      0x172 c:/program files/microchip/xc32/v4.10/bin/bin/../../lib/gcc/pic32c/8.3.1/../../../../pic32c/lib/thumb/v6-m/nofp\libc-musl.a(printf.o)
 .debug_line    0x00004aea      0x147 c:/program files/microchip/xc32/v4.10/bin/bin/../../lib/gcc/pic32c/8.3.1/../../../../pic32c/lib/thumb/v6-m/nofp\libc-musl.a(setbuf.o)
 .debug_line    0x00004c31       0xf7 c:/program files/microchip/xc32/v4.10/bin/bin/../../lib/gcc/pic32c/8.3.1/../../../../pic32c/lib/thumb/v6-m/nofp\libc-musl.a(memcpy.o)
 .debug_line    0x00004d28       0xf2 c:/program files/microchip/xc32/v4.10/bin/bin/../../lib/gcc/pic32c/8.3.1/../../../../pic32c/lib/thumb/v6-m/nofp\libc-musl.a(strlen.o)
 .debug_line    0x00004e1a      0x10f c:/program files/microchip/xc32/v4.10/bin/bin/../../lib/gcc/pic32c/8.3.1/../../../../pic32c/lib/thumb/v6-m/nofp\libc-musl.a(__environ.o)
 .debug_line    0x00004f29      0x25e c:/program files/microchip/xc32/v4.10/bin/bin/../../lib/gcc/pic32c/8.3.1/../../../../pic32c/lib/thumb/v6-m/nofp\libc-musl.a(__stdio_read.o)
 .debug_line    0x00005187      0x209 c:/program files/microchip/xc32/v4.10/bin/bin/../../lib/gcc/pic32c/8.3.1/../../../../pic32c/lib/thumb/v6-m/nofp\libc-musl.a(__towrite_rw.o)
 .debug_line    0x00005390      0x241 c:/program files/microchip/xc32/v4.10/bin/bin/../../lib/gcc/pic32c/8.3.1/../../../../pic32c/lib/thumb/v6-m/nofp\libc-musl.a(setvbuf.o)
 .debug_line    0x000055d1      0x218 c:/program files/microchip/xc32/v4.10/bin/bin/../../lib/gcc/pic32c/8.3.1/../../../../pic32c/lib/thumb/v6-m/nofp\libc-musl.a(vfprintf.o)
 .debug_line    0x000057e9      0x16c c:/program files/microchip/xc32/v4.10/bin/bin/../../lib/gcc/pic32c/8.3.1/../../../../pic32c/lib/thumb/v6-m/nofp\libc-musl.a(readv.o)
 .debug_line    0x00005955      0xb12 c:/program files/microchip/xc32/v4.10/bin/bin/../../lib/gcc/pic32c/8.3.1/../../../../pic32c/lib/thumb/v6-m/nofp\libc-musl.a(malloc.o)
 .debug_line    0x00006467       0xf6 c:/program files/microchip/xc32/v4.10/bin/bin/../../lib/gcc/pic32c/8.3.1/../../../../pic32c/lib/thumb/v6-m/nofp\libc-musl.a(expand_heap.o)
 .debug_line    0x0000655d       0xda c:/program files/microchip/xc32/v4.10/bin/bin/../../lib/gcc/pic32c/8.3.1/../../../../pic32c/lib/thumb/v6-m/nofp\libc-musl.a(__init_stdio.o)
 .debug_line    0x00006637      0x244 c:/program files/microchip/xc32/v4.10/bin/bin/../../lib/gcc/pic32c/8.3.1/../../../../pic32c/lib/thumb/v6-m/nofp\libc-musl.a(__out.o)
 .debug_line    0x0000687b      0x6e8 c:/program files/microchip/xc32/v4.10/bin/bin/../../lib/gcc/pic32c/8.3.1/../../../../pic32c/lib/thumb/v6-m/nofp\libc-musl.a(__printf_core.o)
 .debug_line    0x00006f63      0x1f8 c:/program files/microchip/xc32/v4.10/bin/bin/../../lib/gcc/pic32c/8.3.1/../../../../pic32c/lib/thumb/v6-m/nofp\libc-musl.a(__stderr.o)
 .debug_line    0x0000715b      0x302 c:/program files/microchip/xc32/v4.10/bin/bin/../../lib/gcc/pic32c/8.3.1/../../../../pic32c/lib/thumb/v6-m/nofp\libc-musl.a(__stdio_close.o)
 .debug_line    0x0000745d      0x357 c:/program files/microchip/xc32/v4.10/bin/bin/../../lib/gcc/pic32c/8.3.1/../../../../pic32c/lib/thumb/v6-m/nofp\libc-musl.a(__stdio_write.o)
 .debug_line    0x000077b4      0x1f8 c:/program files/microchip/xc32/v4.10/bin/bin/../../lib/gcc/pic32c/8.3.1/../../../../pic32c/lib/thumb/v6-m/nofp\libc-musl.a(__stdout.o)
 .debug_line    0x000079ac      0x194 c:/program files/microchip/xc32/v4.10/bin/bin/../../lib/gcc/pic32c/8.3.1/../../../../pic32c/lib/thumb/v6-m/nofp\libc-musl.a(__towrite.o)
 .debug_line    0x00007b40      0x187 c:/program files/microchip/xc32/v4.10/bin/bin/../../lib/gcc/pic32c/8.3.1/../../../../pic32c/lib/thumb/v6-m/nofp\libc-musl.a(atoi.o)
 .debug_line    0x00007cc7       0xeb c:/program files/microchip/xc32/v4.10/bin/bin/../../lib/gcc/pic32c/8.3.1/../../../../pic32c/lib/thumb/v6-m/nofp\libc-musl.a(memset.o)
 .debug_line    0x00007db2      0x16d c:/program files/microchip/xc32/v4.10/bin/bin/../../lib/gcc/pic32c/8.3.1/../../../../pic32c/lib/thumb/v6-m/nofp\libc-musl.a(writev.o)
 .debug_line    0x00007f1f      0x170 c:/program files/microchip/xc32/v4.10/bin/bin/../../lib/gcc/pic32c/8.3.1/../../../../pic32c/lib/thumb/v6-m/nofp\libc-musl.a(tolower.o)
 .debug_line    0x0000808f       0xa4 c:/program files/microchip/xc32/v4.10/bin/bin/../../lib/gcc/pic32c/8.3.1/../../../../pic32c/lib/thumb/v6-m/nofp\libc-musl.a(__errno_location.o)
 .debug_line    0x00008133      0x66c c:/program files/microchip/xc32/v4.10/bin/bin/../../lib/gcc/pic32c/8.3.1/../../../../pic32c/lib/thumb/v6-m/nofp\libc-musl.a(__fmt_a.o)
 .debug_line    0x0000879f      0x228 c:/program files/microchip/xc32/v4.10/bin/bin/../../lib/gcc/pic32c/8.3.1/../../../../pic32c/lib/thumb/v6-m/nofp\libc-musl.a(__fmt_d.o)
 .debug_line    0x000089c7      0x69c c:/program files/microchip/xc32/v4.10/bin/bin/../../lib/gcc/pic32c/8.3.1/../../../../pic32c/lib/thumb/v6-m/nofp\libc-musl.a(__fmt_fp.o)
 .debug_line    0x00009063      0x1d9 c:/program files/microchip/xc32/v4.10/bin/bin/../../lib/gcc/pic32c/8.3.1/../../../../pic32c/lib/thumb/v6-m/nofp\libc-musl.a(__fmt_o.o)
 .debug_line    0x0000923c      0x222 c:/program files/microchip/xc32/v4.10/bin/bin/../../lib/gcc/pic32c/8.3.1/../../../../pic32c/lib/thumb/v6-m/nofp\libc-musl.a(__fmt_s.o)
 .debug_line    0x0000945e      0x250 c:/program files/microchip/xc32/v4.10/bin/bin/../../lib/gcc/pic32c/8.3.1/../../../../pic32c/lib/thumb/v6-m/nofp\libc-musl.a(__fmt_u.o)
 .debug_line    0x000096ae      0x30a c:/program files/microchip/xc32/v4.10/bin/bin/../../lib/gcc/pic32c/8.3.1/../../../../pic32c/lib/thumb/v6-m/nofp\libc-musl.a(__fmt_x.o)
 .debug_line    0x000099b8      0x201 c:/program files/microchip/xc32/v4.10/bin/bin/../../lib/gcc/pic32c/8.3.1/../../../../pic32c/lib/thumb/v6-m/nofp\libc-musl.a(__fwrite.o)
 .debug_line    0x00009bb9      0x17a c:/program files/microchip/xc32/v4.10/bin/bin/../../lib/gcc/pic32c/8.3.1/../../../../pic32c/lib/thumb/v6-m/nofp\libc-musl.a(__pop_float.o)
 .debug_line    0x00009d33      0x20e c:/program files/microchip/xc32/v4.10/bin/bin/../../lib/gcc/pic32c/8.3.1/../../../../pic32c/lib/thumb/v6-m/nofp\libc-musl.a(__pop_int.o)
 .debug_line    0x00009f41      0x1dc c:/program files/microchip/xc32/v4.10/bin/bin/../../lib/gcc/pic32c/8.3.1/../../../../pic32c/lib/thumb/v6-m/nofp\libc-musl.a(__pop_ptr.o)
 .debug_line    0x0000a11d       0xbc c:/program files/microchip/xc32/v4.10/bin/bin/../../lib/gcc/pic32c/8.3.1/../../../../pic32c/lib/thumb/v6-m/nofp\libc-musl.a(strcpy.o)
 .debug_line    0x0000a1d9      0x170 c:/program files/microchip/xc32/v4.10/bin/bin/../../lib/gcc/pic32c/8.3.1/../../../../pic32c/lib/thumb/v6-m/nofp\libc-musl.a(toupper.o)
 .debug_line    0x0000a349       0xcb c:/program files/microchip/xc32/v4.10/bin/bin/../../lib/gcc/pic32c/8.3.1/../../../../pic32c/lib/thumb/v6-m/nofp\libc-musl.a(stpcpy.o)
 .debug_line    0x0000a414       0xc3 c:/program files/microchip/xc32/v4.10/bin/bin/../../lib/gcc/pic32c/8.3.1/thumb/v6-m/nofp\libgcc.a(_divsi3.o)
 .debug_line    0x0000a4d7       0x9e c:/program files/microchip/xc32/v4.10/bin/bin/../../lib/gcc/pic32c/8.3.1/thumb/v6-m/nofp\libgcc.a(_dvmd_tls.o)
 .debug_line    0x0000a575       0xa9 c:/program files/microchip/xc32/v4.10/bin/bin/../../lib/gcc/pic32c/8.3.1/thumb/v6-m/nofp\libgcc.a(_lshrdi3.o)
 .debug_line    0x0000a61e       0xa9 c:/program files/microchip/xc32/v4.10/bin/bin/../../lib/gcc/pic32c/8.3.1/thumb/v6-m/nofp\libgcc.a(_ashldi3.o)
 .debug_line    0x0000a6c7       0xa9 c:/program files/microchip/xc32/v4.10/bin/bin/../../lib/gcc/pic32c/8.3.1/thumb/v6-m/nofp\libgcc.a(_aeabi_uldivmod.o)
 .debug_line    0x0000a770      0x195 c:/program files/microchip/xc32/v4.10/bin/bin/../../lib/gcc/pic32c/8.3.1/thumb/v6-m/nofp\libgcc.a(_udivmoddi4.o)
 .debug_line    0x0000a905       0xa8 c:/program files/microchip/xc32/v4.10/bin/bin/../../lib/gcc/pic32c/8.3.1/thumb/v6-m/nofp\libgcc.a(_clzdi2.o)
 .debug_line    0x0000a9ad       0xb2 c:/program files/microchip/xc32/v4.10/bin/bin/../../lib/gcc/pic32c/8.3.1/thumb/v6-m/nofp\libgcc.a(_clzsi2.o)